Component: ARM Compiler 5.06 update 7 (build 960) Tool: armlink [4d3601]

==============================================================================

Section Cross References

    stepMotorlist.o(i.stepMotorList_DeInit) refers to malloc.o(i.free) for free
    stepMotorlist.o(i.stepMotorList_Init) refers to malloc.o(i.malloc) for malloc
    stepMotorlist.o(i.stepMotorList_POPbyID) refers to malloc.o(i.free) for free
    stepMotorlist.o(i.stepMotorList_POPbyInfo) refers to malloc.o(i.free) for free
    stepMotorlist.o(i.stepMotorList_TailPush) refers to malloc.o(i.malloc) for malloc
    bsp_delay.o(i.delay_ms) refers to bsp_delay.o(i.delay_us) for delay_us
    bsp_delay.o(i.delay_s) refers to bsp_delay.o(i.delay_ms) for delay_ms
    bsp_exti.o(i.EXTI_gpioRegister) refers to stm32f10x_rcc.o(i.RCC_APB2PeriphClockCmd) for RCC_APB2PeriphClockCmd
    bsp_exti.o(i.EXTI_gpioRegister) refers to stm32f10x_gpio.o(i.GPIO_Init) for GPIO_Init
    bsp_exti.o(i.EXTI_gpioRegister) refers to stm32f10x_exti.o(i.EXTI_Init) for EXTI_Init
    bsp_exti.o(i.EXTI_gpioRegister) refers to stm32f10x_gpio.o(i.GPIO_EXTILineConfig) for GPIO_EXTILineConfig
    bsp_exti.o(i.EXTI_gpioRegister) refers to misc.o(i.NVIC_Init) for NVIC_Init
    bsp_keys.o(i.Keys_Init) refers to stm32f10x_rcc.o(i.RCC_APB2PeriphClockCmd) for RCC_APB2PeriphClockCmd
    bsp_keys.o(i.Keys_Init) refers to stm32f10x_gpio.o(i.GPIO_Init) for GPIO_Init
    bsp_keys.o(i.Keys_Init) refers to bsp_keys.o(.bss) for KEY1
    bsp_keys.o(i.Update_Keys_State) refers to bsp_keys.o(i.KEY_GetPinValue) for KEY_GetPinValue
    bsp_keys.o(i.Update_Keys_State) refers to Key.o(i.Keys_PressedEventHandler) for Keys_PressedEventHandler
    bsp_keys.o(i.Update_Keys_State) refers to Key.o(i.Keys_LPressedEventHandler) for Keys_LPressedEventHandler
    bsp_keys.o(i.Update_Keys_State) refers to Key.o(i.Keys_ReleasedEventHandler) for Keys_ReleasedEventHandler
    bsp_keys.o(i.Update_Keys_State) refers to Key.o(i.Keys_LLPressedEventHandler) for Keys_LLPressedEventHandler
    bsp_nRF24L01.o(i.SPI_WriteReadByte) refers to stm32f10x_gpio.o(i.GPIO_SetBits) for GPIO_SetBits
    bsp_nRF24L01.o(i.SPI_WriteReadByte) refers to stm32f10x_gpio.o(i.GPIO_ResetBits) for GPIO_ResetBits
    bsp_nRF24L01.o(i.SPI_WriteReadByte) refers to bsp_nRF24L01.o(i.RF_DelayXus) for RF_DelayXus
    bsp_nRF24L01.o(i.SPI_WriteReadByte) refers to stm32f10x_gpio.o(i.GPIO_ReadInputDataBit) for GPIO_ReadInputDataBit
    bsp_nRF24L01.o(i.nRF24L01_ChannelReset) refers to stm32f10x_gpio.o(i.GPIO_ResetBits) for GPIO_ResetBits
    bsp_nRF24L01.o(i.nRF24L01_ChannelReset) refers to bsp_nRF24L01.o(i.nRF24L01_WriteREG) for nRF24L01_WriteREG
    bsp_nRF24L01.o(i.nRF24L01_ChannelReset) refers to bsp_nRF24L01.o(i.RF_DelayXus) for RF_DelayXus
    bsp_nRF24L01.o(i.nRF24L01_Pin_Config) refers to stm32f10x_rcc.o(i.RCC_APB2PeriphClockCmd) for RCC_APB2PeriphClockCmd
    bsp_nRF24L01.o(i.nRF24L01_Pin_Config) refers to stm32f10x_gpio.o(i.GPIO_Init) for GPIO_Init
    bsp_nRF24L01.o(i.nRF24L01_Pin_Config) refers to stm32f10x_gpio.o(i.GPIO_SetBits) for GPIO_SetBits
    bsp_nRF24L01.o(i.nRF24L01_Pin_Config) refers to stm32f10x_gpio.o(i.GPIO_ResetBits) for GPIO_ResetBits
    bsp_nRF24L01.o(i.nRF24L01_ReceiveData) refers to stm32f10x_gpio.o(i.GPIO_ResetBits) for GPIO_ResetBits
    bsp_nRF24L01.o(i.nRF24L01_ReceiveData) refers to bsp_nRF24L01.o(i.nRf24L01_ReadBuffer) for nRf24L01_ReadBuffer
    bsp_nRF24L01.o(i.nRF24L01_ReceiveData) refers to stm32f10x_gpio.o(i.GPIO_SetBits) for GPIO_SetBits
    bsp_nRF24L01.o(i.nRF24L01_TransmitData) refers to bsp_nRF24L01.o(i.nRf24L01_WriteBuffer) for nRf24L01_WriteBuffer
    bsp_nRF24L01.o(i.nRF24L01_TransmitData) refers to stm32f10x_gpio.o(i.GPIO_SetBits) for GPIO_SetBits
    bsp_nRF24L01.o(i.nRF24L01_TransmitData) refers to bsp_nRF24L01.o(i.RF_DelayXus) for RF_DelayXus
    bsp_nRF24L01.o(i.nRF24L01_TransmitData) refers to stm32f10x_gpio.o(i.GPIO_ResetBits) for GPIO_ResetBits
    bsp_nRF24L01.o(i.nRF24L01_WriteREG) refers to stm32f10x_gpio.o(i.GPIO_ResetBits) for GPIO_ResetBits
    bsp_nRF24L01.o(i.nRF24L01_WriteREG) refers to bsp_nRF24L01.o(i.SPI_WriteReadByte) for SPI_WriteReadByte
    bsp_nRF24L01.o(i.nRF24L01_WriteREG) refers to stm32f10x_gpio.o(i.GPIO_SetBits) for GPIO_SetBits
    bsp_nRF24L01.o(i.nRf24L01_Init) refers to bsp_nRF24L01.o(i.nRF24L01_Pin_Config) for nRF24L01_Pin_Config
    bsp_nRF24L01.o(i.nRf24L01_Init) refers to bsp_nRF24L01.o(i.nRF24L01_WriteREG) for nRF24L01_WriteREG
    bsp_nRF24L01.o(i.nRf24L01_Init) refers to bsp_nRF24L01.o(i.nRf24L01_WriteBuffer) for nRf24L01_WriteBuffer
    bsp_nRF24L01.o(i.nRf24L01_IntoRxMode) refers to stm32f10x_gpio.o(i.GPIO_ResetBits) for GPIO_ResetBits
    bsp_nRF24L01.o(i.nRf24L01_IntoRxMode) refers to bsp_nRF24L01.o(i.nRF24L01_WriteREG) for nRF24L01_WriteREG
    bsp_nRF24L01.o(i.nRf24L01_IntoRxMode) refers to stm32f10x_gpio.o(i.GPIO_SetBits) for GPIO_SetBits
    bsp_nRF24L01.o(i.nRf24L01_IntoRxMode) refers to bsp_nRF24L01.o(i.RF_DelayXus) for RF_DelayXus
[...]
    ../clib/microlib/printf/printf.c         0x00000000   Number         0  printfa.o ABSOLUTE
    ../clib/microlib/stdio/fputc.c           0x00000000   Number         0  fputc.o ABSOLUTE
    ../clib/microlib/stdio/semi.s            0x00000000   Number         0  semi.o ABSOLUTE
    ../clib/microlib/stdio/streams.c         0x00000000   Number         0  stdout.o ABSOLUTE
    ../clib/microlib/string/memcpy.c         0x00000000   Number         0  memcpyb.o ABSOLUTE
    ../clib/microlib/string/memcpy.c         0x00000000   Number         0  memcpya.o ABSOLUTE
    ../clib/microlib/string/strcmp.c         0x00000000   Number         0  strcmp.o ABSOLUTE
    ../clib/microlib/string/strcpy.c         0x00000000   Number         0  strcpy.o ABSOLUTE
    ../clib/microlib/string/strlen.c         0x00000000   Number         0  strlen.o ABSOLUTE
    ../clib/microlib/string/strtok.c         0x00000000   Number         0  strtok_r.o ABSOLUTE
    ../clib/microlib/string/strtok.c         0x00000000   Number         0  strtok.o ABSOLUTE
    ../clib/microlib/stubs.s                 0x00000000   Number         0  iusesemip.o ABSOLUTE
    ../clib/microlib/stubs.s                 0x00000000   Number         0  iusefp.o ABSOLUTE
    ../clib/scanf.c                          0x00000000   Number         0  atoi.o ABSOLUTE
    ../clib/scanf.c                          0x00000000   Number         0  _chval.o ABSOLUTE
    ../clib/scanf.c                          0x00000000   Number         0  _strtoul.o ABSOLUTE
    ../clib/scanf.c                          0x00000000   Number         0  strtol.o ABSOLUTE
    ../fplib/microlib/d2f.c                  0x00000000   Number         0  d2f.o ABSOLUTE
    ../fplib/microlib/f2d.c                  0x00000000   Number         0  f2d.o ABSOLUTE
    ../fplib/microlib/fpadd.c                0x00000000   Number         0  fadd.o ABSOLUTE
    ../fplib/microlib/fpadd.c                0x00000000   Number         0  dadd.o ABSOLUTE
    ../fplib/microlib/fpdiv.c                0x00000000   Number         0  fdiv.o ABSOLUTE
    ../fplib/microlib/fpdiv.c                0x00000000   Number         0  ddiv.o ABSOLUTE
    ../fplib/microlib/fpepilogue.c           0x00000000   Number         0  fepilogue.o ABSOLUTE
    ../fplib/microlib/fpepilogue.c           0x00000000   Number         0  depilogue.o ABSOLUTE
    ../fplib/microlib/fpfix.c                0x00000000   Number         0  dfixul.o ABSOLUTE
    ../fplib/microlib/fpfix.c                0x00000000   Number         0  ffixui.o ABSOLUTE
    ../fplib/microlib/fpfix.c                0x00000000   Number         0  dfixi.o ABSOLUTE
    ../fplib/microlib/fpflt.c                0x00000000   Number         0  dflti.o ABSOLUTE
    ../fplib/microlib/fpflt.c                0x00000000   Number         0  ffltui.o ABSOLUTE
    ../fplib/microlib/fpflt.c                0x00000000   Number         0  dfltui.o ABSOLUTE
    ../fplib/microlib/fpmul.c                0x00000000   Number         0  fmul.o ABSOLUTE
    ../fplib/microlib/fpmul.c                0x00000000   Number         0  dmul.o ABSOLUTE
    ../fplib/microlib/fprem.c                0x00000000   Number         0  drem.o ABSOLUTE
    ../fplib/microlib/fpscalb.c              0x00000000   Number         0  dscalb.o ABSOLUTE
    ../fplib/microlib/fpsqrt.c               0x00000000   Number         0  dsqrt.o ABSOLUTE
    ../mathlib/acos.c                        0x00000000   Number         0  acos.o ABSOLUTE
    ../mathlib/acos.c                        0x00000000   Number         0  acos_x.o ABSOLUTE
    ../mathlib/atan.c                        0x00000000   Number         0  atan.o ABSOLUTE
    ../mathlib/atan.c                        0x00000000   Number         0  atan_x.o ABSOLUTE
    ../mathlib/cos.c                         0x00000000   Number         0  cos_x.o ABSOLUTE
    ../mathlib/cos.c                         0x00000000   Number         0  cos.o ABSOLUTE
    ../mathlib/cos_i.c                       0x00000000   Number         0  cos_i.o ABSOLUTE
    ../mathlib/dunder.c                      0x00000000   Number         0  dunder.o ABSOLUTE
    ../mathlib/fmod.c                        0x00000000   Number         0  fmod.o ABSOLUTE
    ../mathlib/fmod.c                        0x00000000   Number         0  fmod_x.o ABSOLUTE
    ../mathlib/fpclassify.c                  0x00000000   Number         0  fpclassify.o ABSOLUTE
    ../mathlib/poly.c                        0x00000000   Number         0  poly.o ABSOLUTE
    ../mathlib/pow.c                         0x00000000   Number         0  pow_x.o ABSOLUTE
    ../mathlib/pow.c                         0x00000000   Number         0  pow.o ABSOLUTE
    ../mathlib/qnan.c                        0x00000000   Number         0  qnan.o ABSOLUTE
    ../mathlib/rred.c                        0x00000000   Number         0  rred.o ABSOLUTE
    ../mathlib/sin.c                         0x00000000   Number         0  sin.o ABSOLUTE
    ../mathlib/sin.c                         0x00000000   Number         0  sin_x.o ABSOLUTE
    ../mathlib/sin_i.c                       0x00000000   Number         0  sin_i_x.o ABSOLUTE
    ../mathlib/sin_i.c                       0x00000000   Number         0  sin_i.o ABSOLUTE
    ../mathlib/sqrt.c                        0x00000000   Number         0  sqrt.o ABSOLUTE
    ../mathlib/sqrt.c                        0x00000000   Number         0  sqrt_x.o ABSOLUTE
    .\Libraries\Algorithm\stepMotorlist.c    0x00000000   Number         0  stepMotorlist.o ABSOLUTE
    .\Libraries\BSP\src\bsp_delay.c          0x00000000   Number         0  bsp_delay.o ABSOLUTE
    .\Libraries\BSP\src\bsp_exti.c           0x00000000   Number         0  bsp_exti.o ABSOLUTE
    .\Libraries\BSP\src\bsp_keys.c           0x00000000   Number         0  bsp_keys.o ABSOLUTE
    .\Libraries\BSP\src\bsp_nRF24L01.c       0x00000000   Number         0  bsp_nRF24L01.o ABSOLUTE
    .\Libraries\BSP\src\bsp_rgblcd.c         0x00000000   Number         0  bsp_rgblcd.o ABSOLUTE
    .\Libraries\BSP\src\bsp_serial.c         0x00000000   Number         0  bsp_serial.o ABSOLUTE
    .\Libraries\BSP\src\bsp_stepmotor.c      0x00000000   Number         0  bsp_stepmotor.o ABSOLUTE
    .\Libraries\CMSIS\CM3\CoreSupport\core_cm3.c 0x00000000   Number         0  core_cm3.o ABSOLUTE
    .\Libraries\CMSIS\CM3\DeviceSupport\ST\STM32F10x\startup\arm\startup_stm32f10x_hd.s 0x00000000   Number         0  startup_stm32f10x_hd.o ABSOLUTE
    .\Libraries\CMSIS\CM3\DeviceSupport\ST\STM32F10x\system_stm32f10x.c 0x00000000   Number         0  system_stm32f10x.o ABSOLUTE
    .\Libraries\STM32F10x_StdPeriph_Driver\src\misc.c 0x00000000   Number         0  misc.o ABSOLUTE
    .\Libraries\STM32F10x_StdPeriph_Driver\src\stm32f10x_adc.c 0x00000000   Number         0  stm32f10x_adc.o ABSOLUTE
    .\Libraries\STM32F10x_StdPeriph_Driver\src\stm32f10x_bkp.c 0x00000000   Number         0  stm32f10x_bkp.o ABSOLUTE
    .\Libraries\STM32F10x_StdPeriph_Driver\src\stm32f10x_can.c 0x00000000   Number         0  stm32f10x_can.o ABSOLUTE
    .\Libraries\STM32F10x_StdPeriph_Driver\src\stm32f10x_cec.c 0x00000000   Number         0  stm32f10x_cec.o ABSOLUTE
    .\Libraries\STM32F10x_StdPeriph_Driver\src\stm32f10x_crc.c 0x00000000   Number         0  stm32f10x_crc.o ABSOLUTE
    .\Libraries\STM32F10x_StdPeriph_Driver\src\stm32f10x_dac.c 0x00000000   Number         0  stm32f10x_dac.o ABSOLUTE
    .\Libraries\STM32F10x_StdPeriph_Driver\src\stm32f10x_dbgmcu.c 0x00000000   Number         0  stm32f10x_dbgmcu.o ABSOLUTE
    .\Libraries\STM32F10x_StdPeriph_Driver\src\stm32f10x_dma.c 0x00000000   Number         0  stm32f10x_dma.o ABSOLUTE
    .\Libraries\STM32F10x_StdPeriph_Driver\src\stm32f10x_exti.c 0x00000000   Number         0  stm32f10x_exti.o ABSOLUTE
    .\Libraries\STM32F10x_StdPeriph_Driver\src\stm32f10x_flash.c 0x00000000   Number         0  stm32f10x_flash.o ABSOLUTE
    .\Libraries\STM32F10x_StdPeriph_Driver\src\stm32f10x_fsmc.c 0x00000000   Number         0  stm32f10x_fsmc.o ABSOLUTE
    .\Libraries\STM32F10x_StdPeriph_Driver\src\stm32f10x_gpio.c 0x00000000   Number         0  stm32f10x_gpio.o ABSOLUTE
    .\Libraries\STM32F10x_StdPeriph_Driver\src\stm32f10x_i2c.c 0x00000000   Number         0  stm32f10x_i2c.o ABSOLUTE
    .\Libraries\STM32F10x_StdPeriph_Driver\src\stm32f10x_iwdg.c 0x00000000   Number         0  stm32f10x_iwdg.o ABSOLUTE
    .\Libraries\STM32F10x_StdPeriph_Driver\src\stm32f10x_pwr.c 0x00000000   Number         0  stm32f10x_pwr.o ABSOLUTE
    .\Libraries\STM32F10x_StdPeriph_Driver\src\stm32f10x_rcc.c 0x00000000   Number         0  stm32f10x_rcc.o ABSOLUTE
    .\Libraries\STM32F10x_StdPeriph_Driver\src\stm32f10x_rtc.c 0x00000000   Number         0  stm32f10x_rtc.o ABSOLUTE
    .\Libraries\STM32F10x_StdPeriph_Driver\src\stm32f10x_sdio.c 0x00000000   Number         0  stm32f10x_sdio.o ABSOLUTE
    .\Libraries\STM32F10x_StdPeriph_Driver\src\stm32f10x_spi.c 0x00000000   Number         0  stm32f10x_spi.o ABSOLUTE
    .\Libraries\STM32F10x_StdPeriph_Driver\src\stm32f10x_tim.c 0x00000000   Number         0  stm32f10x_tim.o ABSOLUTE
    .\Libraries\STM32F10x_StdPeriph_Driver\src\stm32f10x_usart.c 0x00000000   Number         0  stm32f10x_usart.o ABSOLUTE
    .\Libraries\STM32F10x_StdPeriph_Driver\src\stm32f10x_wwdg.c 0x00000000   Number         0  stm32f10x_wwdg.o ABSOLUTE
    .\Libraries\debug\debug_gpio.c           0x00000000   Number         0  debug_gpio.o ABSOLUTE
    .\Libraries\debug\debug_serial.c         0x00000000   Number         0  debug_serial.o ABSOLUTE
    .\User\Robot\src\AssembleRobot.c         0x00000000   Number         0  AssembleRobot.o ABSOLUTE
    .\User\Robot\src\Camera.c                0x00000000   Number         0  Camera.o ABSOLUTE
    .\User\Robot\src\Key.c                   0x00000000   Number         0  Key.o ABSOLUTE
    .\User\Robot\src\RF.c                    0x00000000   Number         0  RF.o ABSOLUTE
    .\User\Robot\src\UI.c                    0x00000000   Number         0  UI.o ABSOLUTE
    .\User\Robot\src\display.c               0x00000000   Number         0  display.o ABSOLUTE
    .\User\Robot\src\relay.c                 0x00000000   Number         0  relay.o ABSOLUTE
    .\User\Robot\src\system.c                0x00000000   Number         0  system.o ABSOLUTE
    .\User\Robot\src\turnplate.c             0x00000000   Number         0  turnplate.o ABSOLUTE
    .\User\bsp_stepmotor_it.c                0x00000000   Number         0  bsp_stepmotor_it.o ABSOLUTE
    .\User\main.c                            0x00000000   Number         0  main.o ABSOLUTE
    .\User\stm32f10x_it.c                    0x00000000   Number         0  stm32f10x_it.o ABSOLUTE
    .\\Libraries\\CMSIS\\CM3\\CoreSupport\\core_cm3.c 0x00000000   Number         0  core_cm3.o ABSOLUTE
    cdcmple.s                                0x00000000   Number         0  cdcmple.o ABSOLUTE
    cdrcmple.s                               0x00000000   Number         0  cdrcmple.o ABSOLUTE
    cfcmple.s                                0x00000000   Number         0  cfcmple.o ABSOLUTE
    cfrcmple.s                               0x00000000   Number         0  cfrcmple.o ABSOLUTE
    dc.s                                     0x00000000   Number         0  dc.o ABSOLUTE
    handlers.s                               0x00000000   Number         0  handlers.o ABSOLUTE
    init.s                                   0x00000000   Number         0  init.o ABSOLUTE
    RESET                                    0x08000000   Section      304  startup_stm32f10x_hd.o(RESET)
    .ARM.Collect$$$$00000000                 0x08000130   Section        0  entry.o(.ARM.Collect$$$$00000000)
    .ARM.Collect$$$$00000001                 0x08000130   Section        4  entry2.o(.ARM.Collect$$$$00000001)
    .ARM.Collect$$$$00000004                 0x08000134   Section        4  entry5.o(.ARM.Collect$$$$00000004)
    .ARM.Collect$$$$00000008                 0x08000138   Section        0  entry7b.o(.ARM.Collect$$$$00000008)
    .ARM.Collect$$$$0000000A                 0x08000138   Section        0  entry8b.o(.ARM.Collect$$$$0000000A)
    .ARM.Collect$$$$0000000B                 0x08000138   Section        8  entry9a.o(.ARM.Collect$$$$0000000B)
    .ARM.Collect$$$$0000000E                 0x08000140   Section        4  entry12b.o(.ARM.Collect$$$$0000000E)
    .ARM.Collect$$$$0000000F                 0x08000144   Section        0  entry10a.o(.ARM.Collect$$$$0000000F)
    .ARM.Collect$$$$00000011                 0x08000144   Section        0  entry11a.o(.ARM.Collect$$$$00000011)
    .ARM.Collect$$$$00002712                 0x08000144   Section        4  entry2.o(.ARM.Collect$$$$00002712)
    __lit__00000000                          0x08000144   Data           4  entry2.o(.ARM.Collect$$$$00002712)
    .text                                    0x08000148   Section       36  startup_stm32f10x_hd.o(.text)
    .text                                    0x0800016c   Section        0  memcpya.o(.text)
    .text                                    0x08000190   Section        0  strlen.o(.text)
    .text                                    0x0800019e   Section        0  strcmp.o(.text)
    .text                                    0x080001ba   Section        0  strcpy.o(.text)
    .text                                    0x080001cc   Section        0  strtok.o(.text)
    .text                                    0x08000210   Section        0  atoi.o(.text)
    .text                                    0x0800022a   Section        0  fmul.o(.text)
    .text                                    0x0800028e   Section        0  fdiv.o(.text)
    .text                                    0x0800030a   Section        0  dadd.o(.text)
    .text                                    0x08000458   Section        0  dmul.o(.text)
    .text                                    0x0800053c   Section        0  ddiv.o(.text)
    .text                                    0x0800061a   Section        0  ffixui.o(.text)
    .text                                    0x08000642   Section        0  uidiv.o(.text)
    .text                                    0x0800066e   Section        0  uldiv.o(.text)
    .text                                    0x080006d0   Section        0  llshl.o(.text)
    .text                                    0x080006ee   Section        0  llsshr.o(.text)
    .text                                    0x08000712   Section        0  strtol.o(.text)
    .text                                    0x08000782   Section        0  iusefp.o(.text)
    .text                                    0x08000782   Section        0  fepilogue.o(.text)
    .text                                    0x080007f0   Section        0  depilogue.o(.text)
    .text                                    0x080008aa   Section        0  dfixul.o(.text)
    .text                                    0x080008dc   Section       48  cdrcmple.o(.text)
    .text                                    0x0800090c   Section       36  init.o(.text)
    .text                                    0x08000930   Section        0  llushr.o(.text)
    .text                                    0x08000950   Section        0  ctype_o.o(.text)
    .text                                    0x08000958   Section        0  _strtoul.o(.text)
    .text                                    0x080009f6   Section        0  _chval.o(.text)
    i.BusFault_Handler                       0x08000a12   Section        0  stm32f10x_it.o(i.BusFault_Handler)
    i.Camera_Init                            0x08000a18   Section        0  Camera.o(i.Camera_Init)
    i.Camera_dataHandle                      0x08000b0c   Section        0  Camera.o(i.Camera_dataHandle)
    i.Camera_getStatus                       0x08000be8   Section        0  Camera.o(i.Camera_getStatus)
    i.Camera_stopSample                      0x08000bfc   Section        0  Camera.o(i.Camera_stopSample)
    i.Camera_ttyS_BusIDLE                    0x08000c10   Section        0  Camera.o(i.Camera_ttyS_BusIDLE)
    i.DMA_GetCurrDataCounter                 0x08000cec   Section        0  stm32f10x_dma.o(i.DMA_GetCurrDataCounter)
    i.DMA_Init                               0x08000cf4   Section        0  stm32f10x_dma.o(i.DMA_Init)
    i.DMA_SetCurrDataCounter                 0x08000d30   Section        0  stm32f10x_dma.o(i.DMA_SetCurrDataCounter)
    i.DebugMon_Handler                       0x08000d34   Section        0  stm32f10x_it.o(i.DebugMon_Handler)
    i.Display_CheckLog                       0x08000d38   Section        0  display.o(i.Display_CheckLog)
    i.Display_Init                           0x08000e24   Section        0  display.o(i.Display_Init)
    i.Display_LogReset                       0x08000e3c   Section        0  display.o(i.Display_LogReset)
    i.Display_Logged                         0x08000e5c   Section        0  display.o(i.Display_Logged)
    i.EXTI9_5_IRQHandler                     0x08000fa8   Section        0  AssembleRobot.o(i.EXTI9_5_IRQHandler)
    i.EXTI_ClearITPendingBit                 0x08000fe0   Section        0  stm32f10x_exti.o(i.EXTI_ClearITPendingBit)
    i.EXTI_GetITStatus                       0x08000fec   Section        0  stm32f10x_exti.o(i.EXTI_GetITStatus)
    i.EXTI_Init                              0x08001014   Section        0  stm32f10x_exti.o(i.EXTI_Init)
    i.EXTI_gpioRegister                      0x080010a8   Section        0  bsp_exti.o(i.EXTI_gpioRegister)
    i.GPIO_EXTILineConfig                    0x08001304   Section        0  stm32f10x_gpio.o(i.GPIO_EXTILineConfig)
    i.GPIO_Init                              0x08001344   Section        0  stm32f10x_gpio.o(i.GPIO_Init)
    i.GPIO_ReadInputDataBit                  0x0800145a   Section        0  stm32f10x_gpio.o(i.GPIO_ReadInputDataBit)
    i.GPIO_ResetBits                         0x0800146c   Section        0  stm32f10x_gpio.o(i.GPIO_ResetBits)
    i.GPIO_SetBits                           0x08001470   Section        0  stm32f10x_gpio.o(i.GPIO_SetBits)
    i.HardFault_Handler                      0x08001474   Section        0  stm32f10x_it.o(i.HardFault_Handler)
    i.KEY_GetPinValue                        0x08001478   Section        0  bsp_keys.o(i.KEY_GetPinValue)
    i.Key_Init                               0x08001488   Section        0  Key.o(i.Key_Init)
    i.Keys_Init                              0x080014f0   Section        0  bsp_keys.o(i.Keys_Init)
    i.Keys_LLPressedEventHandler             0x080015f4   Section        0  Key.o(i.Keys_LLPressedEventHandler)
    i.Keys_LPressedEventHandler              0x08001618   Section        0  Key.o(i.Keys_LPressedEventHandler)
    i.Keys_PressedEventHandler               0x08001750   Section        0  Key.o(i.Keys_PressedEventHandler)
    i.Keys_ReleasedEventHandler              0x08001774   Section        0  Key.o(i.Keys_ReleasedEventHandler)
    i.Keys_forbidden                         0x08001ba4   Section        0  bsp_keys.o(i.Keys_forbidden)
    i.Keys_free                              0x08001baa   Section        0  bsp_keys.o(i.Keys_free)
    i.LCD_DMA_Config                         0x08001bb0   Section        0  bsp_rgblcd.o(i.LCD_DMA_Config)
    LCD_DMA_Config                           0x08001bb1   Thumb Code    78  bsp_rgblcd.o(i.LCD_DMA_Config)
    i.LCD_DrawPoint                          0x08001c10   Section        0  bsp_rgblcd.o(i.LCD_DrawPoint)
    i.LCD_FillColor                          0x08001c38   Section        0  bsp_rgblcd.o(i.LCD_FillColor)
    i.LCD_Init                               0x08001d48   Section        0  bsp_rgblcd.o(i.LCD_Init)
    i.LCD_OpenWindow                         0x08001fa8   Section        0  bsp_rgblcd.o(i.LCD_OpenWindow)
    LCD_OpenWindow                           0x08001fa9   Thumb Code   250  bsp_rgblcd.o(i.LCD_OpenWindow)
    i.LCD_PIN_CONFIG                         0x080020a8   Section        0  bsp_rgblcd.o(i.LCD_PIN_CONFIG)
    LCD_PIN_CONFIG                           0x080020a9   Thumb Code   152  bsp_rgblcd.o(i.LCD_PIN_CONFIG)
    i.LCD_Printf                             0x0800214c   Section        0  bsp_rgblcd.o(i.LCD_Printf)
    i.LCD_SPI_SEND_DATA                      0x0800237c   Section        0  bsp_rgblcd.o(i.LCD_SPI_SEND_DATA)
    LCD_SPI_SEND_DATA                        0x0800237d   Thumb Code   176  bsp_rgblcd.o(i.LCD_SPI_SEND_DATA)
    i.LCD_SetPrintColor                      0x08002434   Section        0  bsp_rgblcd.o(i.LCD_SetPrintColor)
    i.LCD_Set_Printfmt                       0x08002448   Section        0  bsp_rgblcd.o(i.LCD_Set_Printfmt)
    i.LCD_ShowChar                           0x08002494   Section        0  bsp_rgblcd.o(i.LCD_ShowChar)
    i.LCD_ShowChinese                        0x080025b4   Section        0  bsp_rgblcd.o(i.LCD_ShowChinese)
    i.LCD_ShowChinese12x12                   0x080025fc   Section        0  bsp_rgblcd.o(i.LCD_ShowChinese12x12)
    LCD_ShowChinese12x12                     0x080025fd   Thumb Code   320  bsp_rgblcd.o(i.LCD_ShowChinese12x12)
    i.LCD_WRITE_CMD                          0x08002740   Section        0  bsp_rgblcd.o(i.LCD_WRITE_CMD)
    LCD_WRITE_CMD                            0x08002741   Thumb Code    28  bsp_rgblcd.o(i.LCD_WRITE_CMD)
    i.LCD_WRITE_DATA_BYTE                    0x08002760   Section        0  bsp_rgblcd.o(i.LCD_WRITE_DATA_BYTE)
    LCD_WRITE_DATA_BYTE                      0x08002761   Thumb Code    12  bsp_rgblcd.o(i.LCD_WRITE_DATA_BYTE)
    i.LCD_WRITE_DATA_HALFWORD                0x0800276c   Section        0  bsp_rgblcd.o(i.LCD_WRITE_DATA_HALFWORD)
    LCD_WRITE_DATA_HALFWORD                  0x0800276d   Thumb Code    18  bsp_rgblcd.o(i.LCD_WRITE_DATA_HALFWORD)
    i.MemManage_Handler                      0x0800277e   Section        0  stm32f10x_it.o(i.MemManage_Handler)
    i.NMI_Handler                            0x08002782   Section        0  stm32f10x_it.o(i.NMI_Handler)
    i.NVIC_Init                              0x08002784   Section        0  misc.o(i.NVIC_Init)
    i.NVIC_PriorityGroupConfig               0x080027f4   Section        0  misc.o(i.NVIC_PriorityGroupConfig)
    i.PendSV_Handler                         0x08002808   Section        0  stm32f10x_it.o(i.PendSV_Handler)
    i.RCC_AHBPeriphClockCmd                  0x0800280c   Section        0  stm32f10x_rcc.o(i.RCC_AHBPeriphClockCmd)
    i.RCC_APB1PeriphClockCmd                 0x0800282c   Section        0  stm32f10x_rcc.o(i.RCC_APB1PeriphClockCmd)
    i.RCC_APB2PeriphClockCmd                 0x0800284c   Section        0  stm32f10x_rcc.o(i.RCC_APB2PeriphClockCmd)
    i.RCC_GetClocksFreq                      0x0800286c   Section        0  stm32f10x_rcc.o(i.RCC_GetClocksFreq)
    i.RF_DelayXus                            0x08002940   Section        0  bsp_nRF24L01.o(i.RF_DelayXus)
    RF_DelayXus                              0x08002941   Thumb Code    20  bsp_nRF24L01.o(i.RF_DelayXus)
    i.RF_Init                                0x08002954   Section        0  RF.o(i.RF_Init)
    i.Robot_ClampJawCmd                      0x080029b4   Section        0  AssembleRobot.o(i.Robot_ClampJawCmd)
    i.Robot_Init                             0x080029d8   Section        0  AssembleRobot.o(i.Robot_Init)
    i.Robot_clampJawInit                     0x08002c40   Section        0  AssembleRobot.o(i.Robot_clampJawInit)
    Robot_clampJawInit                       0x08002c41   Thumb Code   122  AssembleRobot.o(i.Robot_clampJawInit)
    i.Robot_clampJaw_Catch                   0x08002cc4   Section        0  AssembleRobot.o(i.Robot_clampJaw_Catch)
    i.Robot_clampJaw_Release                 0x08002d2c   Section        0  AssembleRobot.o(i.Robot_clampJaw_Release)
    i.Robot_stopSwitchInit                   0x08002d94   Section        0  AssembleRobot.o(i.Robot_stopSwitchInit)
    Robot_stopSwitchInit                     0x08002d95   Thumb Code    14  AssembleRobot.o(i.Robot_stopSwitchInit)
    i.SPI_Cmd                                0x08002da2   Section        0  stm32f10x_spi.o(i.SPI_Cmd)
    i.SPI_I2S_GetFlagStatus                  0x08002dba   Section        0  stm32f10x_spi.o(i.SPI_I2S_GetFlagStatus)
    i.SPI_I2S_SendData                       0x08002dcc   Section        0  stm32f10x_spi.o(i.SPI_I2S_SendData)
    i.SPI_Init                               0x08002dd0   Section        0  stm32f10x_spi.o(i.SPI_Init)
    i.SPI_WriteReadByte                      0x08002e0c   Section        0  bsp_nRF24L01.o(i.SPI_WriteReadByte)
    SPI_WriteReadByte                        0x08002e0d   Thumb Code   100  bsp_nRF24L01.o(i.SPI_WriteReadByte)
    i.SVC_Handler                            0x08002e74   Section        0  stm32f10x_it.o(i.SVC_Handler)
    i.SetSysClock                            0x08002e76   Section        0  system_stm32f10x.o(i.SetSysClock)
    SetSysClock                              0x08002e77   Thumb Code     8  system_stm32f10x.o(i.SetSysClock)
    i.SetSysClockTo72                        0x08002e80   Section        0  system_stm32f10x.o(i.SetSysClockTo72)
    SetSysClockTo72                          0x08002e81   Thumb Code   214  system_stm32f10x.o(i.SetSysClockTo72)
    i.StepMotorTimerInit                     0x08002f60   Section        0  bsp_stepmotor.o(i.StepMotorTimerInit)
    StepMotorTimerInit                       0x08002f61   Thumb Code    98  bsp_stepmotor.o(i.StepMotorTimerInit)
    i.StepMotor_Cmd                          0x08002fc8   Section        0  bsp_stepmotor.o(i.StepMotor_Cmd)
    i.StepMotor_Init                         0x08003070   Section        0  bsp_stepmotor.o(i.StepMotor_Init)
    i.SysTick_Handler                        0x0800356c   Section        0  stm32f10x_it.o(i.SysTick_Handler)
    i.SystemInit                             0x08003570   Section        0  system_stm32f10x.o(i.SystemInit)
    i.System_Init                            0x080035d0   Section        0  system.o(i.System_Init)
    i.System_Timer_Init                      0x080037a4   Section        0  system.o(i.System_Timer_Init)
    System_Timer_Init                        0x080037a5   Thumb Code   120  system.o(i.System_Timer_Init)
    i.TIM2_IRQHandler                        0x08003848   Section        0  bsp_stepmotor_it.o(i.TIM2_IRQHandler)
    i.TIM6_IRQHandler                        0x080038bc   Section        0  system.o(i.TIM6_IRQHandler)
    i.TIM_ClearITPendingBit                  0x08003950   Section        0  stm32f10x_tim.o(i.TIM_ClearITPendingBit)
    i.TIM_Cmd                                0x08003956   Section        0  stm32f10x_tim.o(i.TIM_Cmd)
    i.TIM_GetITStatus                        0x0800396e   Section        0  stm32f10x_tim.o(i.TIM_GetITStatus)
    i.TIM_ITConfig                           0x08003990   Section        0  stm32f10x_tim.o(i.TIM_ITConfig)
    i.TIM_OC1Init                            0x080039a4   Section        0  stm32f10x_tim.o(i.TIM_OC1Init)
    i.TIM_TimeBaseInit                       0x08003a3c   Section        0  stm32f10x_tim.o(i.TIM_TimeBaseInit)
    i.UI_DrawListItem                        0x08003ae0   Section        0  UI.o(i.UI_DrawListItem)
    i.UI_Page_Init                           0x08003b94   Section        0  UI.o(i.UI_Page_Init)
    UI_Page_Init                             0x08003b95   Thumb Code    62  UI.o(i.UI_Page_Init)
    i.UI_Setup                               0x08003bd4   Section        0  UI.o(i.UI_Setup)
    i.UI_ShowMessageBox                      0x08003cec   Section        0  UI.o(i.UI_ShowMessageBox)
    i.UI_ShowPage                            0x08003dd4   Section        0  UI.o(i.UI_ShowPage)
    i.USART1_IRQHandler                      0x08003f50   Section        0  Camera.o(i.USART1_IRQHandler)
    i.USART2_IRQHandler                      0x08004038   Section        0  bsp_stepmotor_it.o(i.USART2_IRQHandler)
    i.USART_Cmd                              0x08004110   Section        0  stm32f10x_usart.o(i.USART_Cmd)
    i.USART_GetFlagStatus                    0x08004128   Section        0  stm32f10x_usart.o(i.USART_GetFlagStatus)
    i.USART_GetITStatus                      0x08004142   Section        0  stm32f10x_usart.o(i.USART_GetITStatus)
    i.USART_ITConfig                         0x08004196   Section        0  stm32f10x_usart.o(i.USART_ITConfig)
    i.USART_Init                             0x080041e0   Section        0  stm32f10x_usart.o(i.USART_Init)
    i.USART_ReceiveData                      0x080042b8   Section        0  stm32f10x_usart.o(i.USART_ReceiveData)
    i.USART_SendData                         0x080042c2   Section        0  stm32f10x_usart.o(i.USART_SendData)
    i.Update_Keys_State                      0x080042ca   Section        0  bsp_keys.o(i.Update_Keys_State)
    i.UsageFault_Handler                     0x08004410   Section        0  stm32f10x_it.o(i.UsageFault_Handler)
    i.__0vsprintf                            0x08004414   Section        0  printfa.o(i.__0vsprintf)
    i.__aeabi_errno_addr                     0x08004438   Section        0  errno.o(i.__aeabi_errno_addr)
    i.__scatterload_copy                     0x08004440   Section       14  handlers.o(i.__scatterload_copy)
    i.__scatterload_null                     0x0800444e   Section        2  handlers.o(i.__scatterload_null)
    i.__scatterload_zeroinit                 0x08004450   Section       14  handlers.o(i.__scatterload_zeroinit)
    i._fp_digits                             0x08004460   Section        0  printfa.o(i._fp_digits)
    _fp_digits                               0x08004461   Thumb Code   366  printfa.o(i._fp_digits)
    i._printf_core                           0x080045e4   Section        0  printfa.o(i._printf_core)
    _printf_core                             0x080045e5   Thumb Code  1704  printfa.o(i._printf_core)
    i._printf_post_padding                   0x08004c98   Section        0  printfa.o(i._printf_post_padding)
    _printf_post_padding                     0x08004c99   Thumb Code    36  printfa.o(i._printf_post_padding)
    i._printf_pre_padding                    0x08004cbc   Section        0  printfa.o(i._printf_pre_padding)
    _printf_pre_padding                      0x08004cbd   Thumb Code    46  printfa.o(i._printf_pre_padding)
    i._sputc                                 0x08004cea   Section        0  printfa.o(i._sputc)
    _sputc                                   0x08004ceb   Thumb Code    10  printfa.o(i._sputc)
    i.delay_ms                               0x08004cf4   Section        0  bsp_delay.o(i.delay_ms)
    i.delay_us                               0x08004d0c   Section        0  bsp_delay.o(i.delay_us)
    i.free                                   0x08004d3c   Section        0  malloc.o(i.free)
    i.main                                   0x08004d8c   Section        0  main.o(i.main)
    i.malloc                                 0x08004d94   Section        0  malloc.o(i.malloc)
    i.nRF24L01_Pin_Config                    0x08004e00   Section        0  bsp_nRF24L01.o(i.nRF24L01_Pin_Config)
    nRF24L01_Pin_Config                      0x08004e01   Thumb Code   126  bsp_nRF24L01.o(i.nRF24L01_Pin_Config)
    i.nRF24L01_WriteREG                      0x08004e84   Section        0  bsp_nRF24L01.o(i.nRF24L01_WriteREG)
    i.nRf24L01_Init                          0x08004eb0   Section        0  bsp_nRF24L01.o(i.nRf24L01_Init)
    i.nRf24L01_ReadREG                       0x08004f18   Section        0  bsp_nRF24L01.o(i.nRf24L01_ReadREG)
    i.nRf24L01_WriteBuffer                   0x08004f48   Section        0  bsp_nRF24L01.o(i.nRf24L01_WriteBuffer)
    i.roboJoint_MotorBinding                 0x08004f88   Section        0  AssembleRobot.o(i.roboJoint_MotorBinding)
    i.roboJoint_UrgentSTOP                   0x08004f96   Section        0  AssembleRobot.o(i.roboJoint_UrgentSTOP)
    roboJoint_UrgentSTOP                     0x08004f97   Thumb Code    18  AssembleRobot.o(i.roboJoint_UrgentSTOP)
    i.serialDebugInit                        0x08004fa8   Section        0  debug_serial.o(i.serialDebugInit)
    i.serial_Printf                          0x08005074   Section        0  bsp_serial.o(i.serial_Printf)
    i.serial_SendHexArray                    0x080050bc   Section        0  bsp_serial.o(i.serial_SendHexArray)
    i.stepMotorList_Init                     0x080050f0   Section        0  stepMotorlist.o(i.stepMotorList_Init)
    i.stepMotorList_POPbyID                  0x08005104   Section        0  stepMotorlist.o(i.stepMotorList_POPbyID)
    i.stepMotorList_iterator                 0x0800514a   Section        0  stepMotorlist.o(i.stepMotorList_iterator)
    i.stepMotorTaskCallback                  0x08005188   Section        0  bsp_stepmotor_it.o(i.stepMotorTaskCallback)
    stepMotorTaskCallback                    0x08005189   Thumb Code    82  bsp_stepmotor_it.o(i.stepMotorTaskCallback)
    i.stepMotor_DivisionChange               0x080051e4   Section        0  bsp_stepmotor.o(i.stepMotor_DivisionChange)
    i.stepMotor_SpeedExecute                 0x08005220   Section        0  bsp_stepmotor.o(i.stepMotor_SpeedExecute)
    .constdata                               0x080052d4   Section     1270  bsp_rgblcd.o(.constdata)
    .constdata                               0x080057ca   Section       18  Camera.o(.constdata)
    __func__                                 0x080057ca   Data          18  Camera.o(.constdata)
    .constdata                               0x080057dc   Section       18  bsp_stepmotor_it.o(.constdata)
    __func__                                 0x080057dc   Data          18  bsp_stepmotor_it.o(.constdata)
    .constdata                               0x080057ee   Section      129  ctype_o.o(.constdata)
    .constdata                               0x08005870   Section        4  ctype_o.o(.constdata)
    table                                    0x08005870   Data           4  ctype_o.o(.constdata)
    .conststring                             0x08005874   Section      166  UI.o(.conststring)
    .conststring                             0x0800591c   Section       16  display.o(.conststring)
    .conststrlit                             0x0800592c   Section        2  UI.o(.conststrlit)
    .data                                    0x20000000   Section        1  bsp_rgblcd.o(.data)
    Is_DMA_Config                            0x20000000   Data           1  bsp_rgblcd.o(.data)
    .data                                    0x20000001   Section        2  bsp_stepmotor.o(.data)
    stepTimerInit                            0x20000001   Data           1  bsp_stepmotor.o(.data)
    stepMotor_ttySxInitflag                  0x20000002   Data           1  bsp_stepmotor.o(.data)
    .data                                    0x20000003   Section       20  stm32f10x_rcc.o(.data)
    APBAHBPrescTable                         0x20000003   Data          16  stm32f10x_rcc.o(.data)
    ADCPrescTable                            0x20000013   Data           4  stm32f10x_rcc.o(.data)
    .data                                    0x20000017   Section        1  AssembleRobot.o(.data)
    .data                                    0x20000018   Section      120  UI.o(.data)
    .data                                    0x20000090   Section       12  display.o(.data)
    LOG_row_ctr                              0x20000090   Data           1  display.o(.data)
    .data                                    0x2000009c   Section        8  system.o(.data)
    Times                                    0x200000a0   Data           4  system.o(.data)
    .data                                    0x200000a4   Section        6  bsp_stepmotor_it.o(.data)
    .data                                    0x200000ac   Section        4  strtok.o(.data)
    state                                    0x200000ac   Data           4  strtok.o(.data)
    .data                                    0x200000b0   Section        4  mvars.o(.data)
    .data                                    0x200000b4   Section        4  mvars.o(.data)
    .data                                    0x200000b8   Section        4  errno.o(.data)
    _errno                                   0x200000b8   Data           4  errno.o(.data)
    .bss                                     0x200000bc   Section       96  bsp_keys.o(.bss)
    .bss                                     0x2000011c   Section      824  bsp_rgblcd.o(.bss)
    LCD_Printf_Buffer                        0x20000128   Data         512  bsp_rgblcd.o(.bss)
    LCD_OSD_Buffer                           0x20000328   Data         256  bsp_rgblcd.o(.bss)
    DMA_InitTypeDefStructure                 0x20000428   Data          44  bsp_rgblcd.o(.bss)
    .bss                                     0x20000454   Section      128  bsp_serial.o(.bss)
    serialDataBuf                            0x20000454   Data         128  bsp_serial.o(.bss)
    .bss                                     0x200004d4   Section      576  AssembleRobot.o(.bss)
    .bss                                     0x20000714   Section     1040  Camera.o(.bss)
    .bss                                     0x20000b24   Section      756  UI.o(.bss)
    .bss                                     0x20000e18   Section     2208  display.o(.bss)
    tmp_buf                                  0x20001698   Data          32  display.o(.bss)
    .bss                                     0x200016b8   Section     1058  bsp_stepmotor_it.o(.bss)
    HEAP                                     0x20001ae0   Section      512  startup_stm32f10x_hd.o(HEAP)
    STACK                                    0x20001ce0   Section     1024  startup_stm32f10x_hd.o(STACK)

    Global Symbols

    Symbol Name                              Value     Ov Type        Size  Object(Section)

    BuildAttributes$$THM_ISAv4$P$D$K$B$S$PE$A:L22UL41UL21$X:L11$S22US41US21$IEEE1$IW$USESV6$~STKCKD$USESV7$~SHL$OTIME$ROPI$IEEEX$EBA8$MICROLIB$REQ8$PRES8$EABIv2 0x00000000   Number         0  anon$$obj.o ABSOLUTE
    __ARM_use_no_argv                        0x00000000   Number         0  main.o ABSOLUTE
    __arm_fini_                               - Undefined Weak Reference
    __cpp_initialize__aeabi_                  - Undefined Weak Reference
    __cxa_finalize                            - Undefined Weak Reference
    __decompress                              - Undefined Weak Reference
    _clock_init                               - Undefined Weak Reference
    _microlib_exit                            - Undefined Weak Reference
    __Vectors_Size                           0x00000130   Number         0  startup_stm32f10x_hd.o ABSOLUTE
    __Vectors                                0x08000000   Data           4  startup_stm32f10x_hd.o(RESET)
    __Vectors_End                            0x08000130   Data           0  startup_stm32f10x_hd.o(RESET)
    __main                                   0x08000131   Thumb Code     0  entry.o(.ARM.Collect$$$$00000000)
    _main_stk                                0x08000131   Thumb Code     0  entry2.o(.ARM.Collect$$$$00000001)
    _main_scatterload                        0x08000135   Thumb Code     0  entry5.o(.ARM.Collect$$$$00000004)
    __main_after_scatterload                 0x08000139   Thumb Code     0  entry5.o(.ARM.Collect$$$$00000004)
    _main_clock                              0x08000139   Thumb Code     0  entry7b.o(.ARM.Collect$$$$00000008)
    _main_cpp_init                           0x08000139   Thumb Code     0  entry8b.o(.ARM.Collect$$$$0000000A)
    _main_init                               0x08000139   Thumb Code     0  entry9a.o(.ARM.Collect$$$$0000000B)
    __rt_lib_shutdown_fini                   0x08000141   Thumb Code     0  entry12b.o(.ARM.Collect$$$$0000000E)
    __rt_final_cpp                           0x08000145   Thumb Code     0  entry10a.o(.ARM.Collect$$$$0000000F)
    __rt_final_exit                          0x08000145   Thumb Code     0  entry11a.o(.ARM.Collect$$$$00000011)
    Reset_Handler                            0x08000149   Thumb Code     8  startup_stm32f10x_hd.o(.text)
    ADC1_2_IRQHandler                        0x08000163   Thumb Code     0  startup_stm32f10x_hd.o(.text)
    ADC3_IRQHandler                          0x08000163   Thumb Code     0  startup_stm32f10x_hd.o(.text)
    CAN1_RX1_IRQHandler                      0x08000163   Thumb Code     0  startup_stm32f10x_hd.o(.text)
    CAN1_SCE_IRQHandler                      0x08000163   Thumb Code     0  startup_stm32f10x_hd.o(.text)
    DMA1_Channel1_IRQHandler                 0x08000163   Thumb Code     0  startup_stm32f10x_hd.o(.text)
    DMA1_Channel2_IRQHandler                 0x08000163   Thumb Code     0  startup_stm32f10x_hd.o(.text)
    DMA1_Channel3_IRQHandler                 0x08000163   Thumb Code     0  startup_stm32f10x_hd.o(.text)
    DMA1_Channel4_IRQHandler                 0x08000163   Thumb Code     0  startup_stm32f10x_hd.o(.text)
    DMA1_Channel5_IRQHandler                 0x08000163   Thumb Code     0  startup_stm32f10x_hd.o(.text)
    DMA1_Channel6_IRQHandler                 0x08000163   Thumb Code     0  startup_stm32f10x_hd.o(.text)
    DMA1_Channel7_IRQHandler                 0x08000163   Thumb Code     0  startup_stm32f10x_hd.o(.text)
    DMA2_Channel1_IRQHandler                 0x08000163   Thumb Code     0  startup_stm32f10x_hd.o(.text)
    DMA2_Channel2_IRQHandler                 0x08000163   Thumb Code     0  startup_stm32f10x_hd.o(.text)
    DMA2_Channel3_IRQHandler                 0x08000163   Thumb Code     0  startup_stm32f10x_hd.o(.text)
    DMA2_Channel4_5_IRQHandler               0x08000163   Thumb Code     0  startup_stm32f10x_hd.o(.text)
    EXTI0_IRQHandler                         0x08000163   Thumb Code     0  startup_stm32f10x_hd.o(.text)
    EXTI15_10_IRQHandler                     0x08000163   Thumb Code     0  startup_stm32f10x_hd.o(.text)
    EXTI1_IRQHandler                         0x08000163   Thumb Code     0  startup_stm32f10x_hd.o(.text)
    EXTI2_IRQHandler                         0x08000163   Thumb Code     0  startup_stm32f10x_hd.o(.text)
    EXTI3_IRQHandler                         0x08000163   Thumb Code     0  startup_stm32f10x_hd.o(.text)
    EXTI4_IRQHandler                         0x08000163   Thumb Code     0  startup_stm32f10x_hd.o(.text)
    FLASH_IRQHandler                         0x08000163   Thumb Code     0  startup_stm32f10x_hd.o(.text)
    FSMC_IRQHandler                          0x08000163   Thumb Code     0  startup_stm32f10x_hd.o(.text)
    I2C1_ER_IRQHandler                       0x08000163   Thumb Code     0  startup_stm32f10x_hd.o(.text)
    I2C1_EV_IRQHandler                       0x08000163   Thumb Code     0  startup_stm32f10x_hd.o(.text)
    I2C2_ER_IRQHandler                       0x08000163   Thumb Code     0  startup_stm32f10x_hd.o(.text)
    I2C2_EV_IRQHandler                       0x08000163   Thumb Code     0  startup_stm32f10x_hd.o(.text)
    PVD_IRQHandler                           0x08000163   Thumb Code     0  startup_stm32f10x_hd.o(.text)
    RCC_IRQHandler                           0x08000163   Thumb Code     0  startup_stm32f10x_hd.o(.text)
    RTCAlarm_IRQHandler                      0x08000163   Thumb Code     0  startup_stm32f10x_hd.o(.text)
    RTC_IRQHandler                           0x08000163   Thumb Code     0  startup_stm32f10x_hd.o(.text)
    SDIO_IRQHandler                          0x08000163   Thumb Code     0  startup_stm32f10x_hd.o(.text)
    SPI1_IRQHandler                          0x08000163   Thumb Code     0  startup_stm32f10x_hd.o(.text)
    SPI2_IRQHandler                          0x08000163   Thumb Code     0  startup_stm32f10x_hd.o(.text)
    SPI3_IRQHandler                          0x08000163   Thumb Code     0  startup_stm32f10x_hd.o(.text)
    TAMPER_IRQHandler                        0x08000163   Thumb Code     0  startup_stm32f10x_hd.o(.text)
    TIM1_BRK_IRQHandler                      0x08000163   Thumb Code     0  startup_stm32f10x_hd.o(.text)
    TIM1_CC_IRQHandler                       0x08000163   Thumb Code     0  startup_stm32f10x_hd.o(.text)
    TIM1_TRG_COM_IRQHandler                  0x08000163   Thumb Code     0  startup_stm32f10x_hd.o(.text)
    TIM1_UP_IRQHandler                       0x08000163   Thumb Code     0  startup_stm32f10x_hd.o(.text)
    TIM3_IRQHandler                          0x08000163   Thumb Code     0  startup_stm32f10x_hd.o(.text)
    TIM4_IRQHandler                          0x08000163   Thumb Code     0  startup_stm32f10x_hd.o(.text)
    TIM5_IRQHandler                          0x08000163   Thumb Code     0  startup_stm32f10x_hd.o(.text)
    TIM7_IRQHandler                          0x08000163   Thumb Code     0  startup_stm32f10x_hd.o(.text)
    TIM8_BRK_IRQHandler                      0x08000163   Thumb Code     0  startup_stm32f10x_hd.o(.text)
    TIM8_CC_IRQHandler                       0x08000163   Thumb Code     0  startup_stm32f10x_hd.o(.text)
    TIM8_TRG_COM_IRQHandler                  0x08000163   Thumb Code     0  startup_stm32f10x_hd.o(.text)
    TIM8_UP_IRQHandler                       0x08000163   Thumb Code     0  startup_stm32f10x_hd.o(.text)
    UART4_IRQHandler                         0x08000163   Thumb Code     0  startup_stm32f10x_hd.o(.text)
    UART5_IRQHandler                         0x08000163   Thumb Code     0  startup_stm32f10x_hd.o(.text)
    USART3_IRQHandler                        0x08000163   Thumb Code     0  startup_stm32f10x_hd.o(.text)
    USBWakeUp_IRQHandler                     0x08000163   Thumb Code     0  startup_stm32f10x_hd.o(.text)
    USB_HP_CAN1_TX_IRQHandler                0x08000163   Thumb Code     0  startup_stm32f10x_hd.o(.text)
    USB_LP_CAN1_RX0_IRQHandler               0x08000163   Thumb Code     0  startup_stm32f10x_hd.o(.text)
    WWDG_IRQHandler                          0x08000163   Thumb Code     0  startup_stm32f10x_hd.o(.text)
    __aeabi_memcpy                           0x0800016d   Thumb Code    36  memcpya.o(.text)
    __aeabi_memcpy4                          0x0800016d   Thumb Code     0  memcpya.o(.text)
    __aeabi_memcpy8                          0x0800016d   Thumb Code     0  memcpya.o(.text)
    strlen                                   0x08000191   Thumb Code    14  strlen.o(.text)
    strcmp                                   0x0800019f   Thumb Code    28  strcmp.o(.text)
    strcpy                                   0x080001bb   Thumb Code    18  strcpy.o(.text)
    strtok                                   0x080001cd   Thumb Code    62  strtok.o(.text)
    atoi                                     0x08000211   Thumb Code    26  atoi.o(.text)
    __aeabi_fmul                             0x0800022b   Thumb Code   100  fmul.o(.text)
    __aeabi_fdiv                             0x0800028f   Thumb Code   124  fdiv.o(.text)
    __aeabi_dadd                             0x0800030b   Thumb Code   322  dadd.o(.text)
    __aeabi_dsub                             0x0800044d   Thumb Code     6  dadd.o(.text)
    __aeabi_drsub                            0x08000453   Thumb Code     6  dadd.o(.text)
    __aeabi_dmul                             0x08000459   Thumb Code   228  dmul.o(.text)
    __aeabi_ddiv                             0x0800053d   Thumb Code   222  ddiv.o(.text)
    __aeabi_f2uiz                            0x0800061b   Thumb Code    40  ffixui.o(.text)
    __aeabi_uidiv                            0x08000643   Thumb Code     0  uidiv.o(.text)
    __aeabi_uidivmod                         0x08000643   Thumb Code    44  uidiv.o(.text)
    __aeabi_uldivmod                         0x0800066f   Thumb Code    98  uldiv.o(.text)
    __aeabi_llsl                             0x080006d1   Thumb Code    30  llshl.o(.text)
    _ll_shift_l                              0x080006d1   Thumb Code     0  llshl.o(.text)
    __aeabi_lasr                             0x080006ef   Thumb Code    36  llsshr.o(.text)
    _ll_sshift_r                             0x080006ef   Thumb Code     0  llsshr.o(.text)
    strtol                                   0x08000713   Thumb Code   112  strtol.o(.text)
    __I$use$fp                               0x08000783   Thumb Code     0  iusefp.o(.text)
    _float_round                             0x08000783   Thumb Code    18  fepilogue.o(.text)
    _float_epilogue                          0x08000795   Thumb Code    92  fepilogue.o(.text)
    _double_round                            0x080007f1   Thumb Code    30  depilogue.o(.text)
    _double_epilogue                         0x0800080f   Thumb Code   156  depilogue.o(.text)
    __aeabi_d2ulz                            0x080008ab   Thumb Code    48  dfixul.o(.text)
    __aeabi_cdrcmple                         0x080008dd   Thumb Code    48  cdrcmple.o(.text)
    __scatterload                            0x0800090d   Thumb Code    28  init.o(.text)
    __scatterload_rt2                        0x0800090d   Thumb Code     0  init.o(.text)
    __aeabi_llsr                             0x08000931   Thumb Code    32  llushr.o(.text)
    _ll_ushift_r                             0x08000931   Thumb Code     0  llushr.o(.text)
    __rt_ctype_table                         0x08000951   Thumb Code     4  ctype_o.o(.text)
    _strtoul                                 0x08000959   Thumb Code   158  _strtoul.o(.text)
    _chval                                   0x080009f7   Thumb Code    28  _chval.o(.text)
    BusFault_Handler                         0x08000a13   Thumb Code     4  stm32f10x_it.o(i.BusFault_Handler)
    Camera_Init                              0x08000a19   Thumb Code   194  Camera.o(i.Camera_Init)
    Camera_dataHandle                        0x08000b0d   Thumb Code   148  Camera.o(i.Camera_dataHandle)
    Camera_getStatus                         0x08000be9   Thumb Code    14  Camera.o(i.Camera_getStatus)
    Camera_stopSample                        0x08000bfd   Thumb Code    12  Camera.o(i.Camera_stopSample)
    Camera_ttyS_BusIDLE                      0x08000c11   Thumb Code   142  Camera.o(i.Camera_ttyS_BusIDLE)
    DMA_GetCurrDataCounter                   0x08000ced   Thumb Code     8  stm32f10x_dma.o(i.DMA_GetCurrDataCounter)
    DMA_Init                                 0x08000cf5   Thumb Code    60  stm32f10x_dma.o(i.DMA_Init)
    DMA_SetCurrDataCounter                   0x08000d31   Thumb Code     4  stm32f10x_dma.o(i.DMA_SetCurrDataCounter)
    DebugMon_Handler                         0x08000d35   Thumb Code     2  stm32f10x_it.o(i.DebugMon_Handler)
    Display_CheckLog                         0x08000d39   Thumb Code   184  display.o(i.Display_CheckLog)
    Display_Init                             0x08000e25   Thumb Code    18  display.o(i.Display_Init)
    Display_LogReset                         0x08000e3d   Thumb Code    28  display.o(i.Display_LogReset)
    Display_Logged                           0x08000e5d   Thumb Code   268  display.o(i.Display_Logged)
    EXTI9_5_IRQHandler                       0x08000fa9   Thumb Code    46  AssembleRobot.o(i.EXTI9_5_IRQHandler)
    EXTI_ClearITPendingBit                   0x08000fe1   Thumb Code     6  stm32f10x_exti.o(i.EXTI_ClearITPendingBit)
    EXTI_GetITStatus                         0x08000fed   Thumb Code    34  stm32f10x_exti.o(i.EXTI_GetITStatus)
    EXTI_Init                                0x08001015   Thumb Code   142  stm32f10x_exti.o(i.EXTI_Init)
    EXTI_gpioRegister                        0x080010a9   Thumb Code   574  bsp_exti.o(i.EXTI_gpioRegister)
    GPIO_EXTILineConfig                      0x08001305   Thumb Code    60  stm32f10x_gpio.o(i.GPIO_EXTILineConfig)
    GPIO_Init                                0x08001345   Thumb Code   278  stm32f10x_gpio.o(i.GPIO_Init)
    GPIO_ReadInputDataBit                    0x0800145b   Thumb Code    18  stm32f10x_gpio.o(i.GPIO_ReadInputDataBit)
    GPIO_ResetBits                           0x0800146d   Thumb Code     4  stm32f10x_gpio.o(i.GPIO_ResetBits)
    GPIO_SetBits                             0x08001471   Thumb Code     4  stm32f10x_gpio.o(i.GPIO_SetBits)
    HardFault_Handler                        0x08001475   Thumb Code     4  stm32f10x_it.o(i.HardFault_Handler)
    KEY_GetPinValue                          0x08001479   Thumb Code    14  bsp_keys.o(i.KEY_GetPinValue)
    Key_Init                                 0x08001489   Thumb Code    52  Key.o(i.Key_Init)
    Keys_Init                                0x080014f1   Thumb Code   208  bsp_keys.o(i.Keys_Init)
    Keys_LLPressedEventHandler               0x080015f5   Thumb Code    32  Key.o(i.Keys_LLPressedEventHandler)
    Keys_LPressedEventHandler                0x08001619   Thumb Code   262  Key.o(i.Keys_LPressedEventHandler)
    Keys_PressedEventHandler                 0x08001751   Thumb Code    32  Key.o(i.Keys_PressedEventHandler)
    Keys_ReleasedEventHandler                0x08001775   Thumb Code   986  Key.o(i.Keys_ReleasedEventHandler)
    Keys_forbidden                           0x08001ba5   Thumb Code     6  bsp_keys.o(i.Keys_forbidden)
    Keys_free                                0x08001bab   Thumb Code     6  bsp_keys.o(i.Keys_free)
    LCD_DrawPoint                            0x08001c11   Thumb Code    40  bsp_rgblcd.o(i.LCD_DrawPoint)
    LCD_FillColor                            0x08001c39   Thumb Code   256  bsp_rgblcd.o(i.LCD_FillColor)
    LCD_Init                                 0x08001d49   Thumb Code   600  bsp_rgblcd.o(i.LCD_Init)
    LCD_Printf                               0x0800214d   Thumb Code   552  bsp_rgblcd.o(i.LCD_Printf)
    LCD_SetPrintColor                        0x08002435   Thumb Code    14  bsp_rgblcd.o(i.LCD_SetPrintColor)
    LCD_Set_Printfmt                         0x08002449   Thumb Code    70  bsp_rgblcd.o(i.LCD_Set_Printfmt)
    LCD_ShowChar                             0x08002495   Thumb Code   284  bsp_rgblcd.o(i.LCD_ShowChar)
    LCD_ShowChinese                          0x080025b5   Thumb Code    72  bsp_rgblcd.o(i.LCD_ShowChinese)
    MemManage_Handler                        0x0800277f   Thumb Code     4  stm32f10x_it.o(i.MemManage_Handler)
    NMI_Handler                              0x08002783   Thumb Code     2  stm32f10x_it.o(i.NMI_Handler)
    NVIC_Init                                0x08002785   Thumb Code   100  misc.o(i.NVIC_Init)
    NVIC_PriorityGroupConfig                 0x080027f5   Thumb Code    10  misc.o(i.NVIC_PriorityGroupConfig)
    PendSV_Handler                           0x08002809   Thumb Code     2  stm32f10x_it.o(i.PendSV_Handler)
    RCC_AHBPeriphClockCmd                    0x0800280d   Thumb Code    26  stm32f10x_rcc.o(i.RCC_AHBPeriphClockCmd)
    RCC_APB1PeriphClockCmd                   0x0800282d   Thumb Code    26  stm32f10x_rcc.o(i.RCC_APB1PeriphClockCmd)
    RCC_APB2PeriphClockCmd                   0x0800284d   Thumb Code    26  stm32f10x_rcc.o(i.RCC_APB2PeriphClockCmd)
    RCC_GetClocksFreq                        0x0800286d   Thumb Code   192  stm32f10x_rcc.o(i.RCC_GetClocksFreq)
    RF_Init                                  0x08002955   Thumb Code    50  RF.o(i.RF_Init)
    Robot_ClampJawCmd                        0x080029b5   Thumb Code    32  AssembleRobot.o(i.Robot_ClampJawCmd)
    Robot_Init                               0x080029d9   Thumb Code   304  AssembleRobot.o(i.Robot_Init)
    Robot_clampJaw_Catch                     0x08002cc5   Thumb Code    58  AssembleRobot.o(i.Robot_clampJaw_Catch)
    Robot_clampJaw_Release                   0x08002d2d   Thumb Code    58  AssembleRobot.o(i.Robot_clampJaw_Release)
    SPI_Cmd                                  0x08002da3   Thumb Code    24  stm32f10x_spi.o(i.SPI_Cmd)
    SPI_I2S_GetFlagStatus                    0x08002dbb   Thumb Code    18  stm32f10x_spi.o(i.SPI_I2S_GetFlagStatus)
    SPI_I2S_SendData                         0x08002dcd   Thumb Code     4  stm32f10x_spi.o(i.SPI_I2S_SendData)
    SPI_Init                                 0x08002dd1   Thumb Code    60  stm32f10x_spi.o(i.SPI_Init)
    SVC_Handler                              0x08002e75   Thumb Code     2  stm32f10x_it.o(i.SVC_Handler)
    StepMotor_Cmd                            0x08002fc9   Thumb Code   162  bsp_stepmotor.o(i.StepMotor_Cmd)
    StepMotor_Init                           0x08003071   Thumb Code  1272  bsp_stepmotor.o(i.StepMotor_Init)
    SysTick_Handler                          0x0800356d   Thumb Code     2  stm32f10x_it.o(i.SysTick_Handler)
    SystemInit                               0x08003571   Thumb Code    78  system_stm32f10x.o(i.SystemInit)
    System_Init                              0x080035d1   Thumb Code   362  system.o(i.System_Init)
    TIM2_IRQHandler                          0x08003849   Thumb Code    98  bsp_stepmotor_it.o(i.TIM2_IRQHandler)
    TIM6_IRQHandler                          0x080038bd   Thumb Code   120  system.o(i.TIM6_IRQHandler)
    TIM_ClearITPendingBit                    0x08003951   Thumb Code     6  stm32f10x_tim.o(i.TIM_ClearITPendingBit)
    TIM_Cmd                                  0x08003957   Thumb Code    24  stm32f10x_tim.o(i.TIM_Cmd)
    TIM_GetITStatus                          0x0800396f   Thumb Code    34  stm32f10x_tim.o(i.TIM_GetITStatus)
    TIM_ITConfig                             0x08003991   Thumb Code    18  stm32f10x_tim.o(i.TIM_ITConfig)
    TIM_OC1Init                              0x080039a5   Thumb Code   132  stm32f10x_tim.o(i.TIM_OC1Init)
    TIM_TimeBaseInit                         0x08003a3d   Thumb Code   122  stm32f10x_tim.o(i.TIM_TimeBaseInit)
    UI_DrawListItem                          0x08003ae1   Thumb Code   100  UI.o(i.UI_DrawListItem)
    UI_Setup                                 0x08003bd5   Thumb Code   200  UI.o(i.UI_Setup)
    UI_ShowMessageBox                        0x08003ced   Thumb Code   140  UI.o(i.UI_ShowMessageBox)
    UI_ShowPage                              0x08003dd5   Thumb Code   286  UI.o(i.UI_ShowPage)
    USART1_IRQHandler                        0x08003f51   Thumb Code   154  Camera.o(i.USART1_IRQHandler)
    USART2_IRQHandler                        0x08004039   Thumb Code   140  bsp_stepmotor_it.o(i.USART2_IRQHandler)
    USART_Cmd                                0x08004111   Thumb Code    24  stm32f10x_usart.o(i.USART_Cmd)
    USART_GetFlagStatus                      0x08004129   Thumb Code    26  stm32f10x_usart.o(i.USART_GetFlagStatus)
    USART_GetITStatus                        0x08004143   Thumb Code    84  stm32f10x_usart.o(i.USART_GetITStatus)
    USART_ITConfig                           0x08004197   Thumb Code    74  stm32f10x_usart.o(i.USART_ITConfig)
    USART_Init                               0x080041e1   Thumb Code   210  stm32f10x_usart.o(i.USART_Init)
    USART_ReceiveData                        0x080042b9   Thumb Code    10  stm32f10x_usart.o(i.USART_ReceiveData)
    USART_SendData                           0x080042c3   Thumb Code     8  stm32f10x_usart.o(i.USART_SendData)
    Update_Keys_State                        0x080042cb   Thumb Code   326  bsp_keys.o(i.Update_Keys_State)
    UsageFault_Handler                       0x08004411   Thumb Code     4  stm32f10x_it.o(i.UsageFault_Handler)
    __0vsprintf                              0x08004415   Thumb Code    30  printfa.o(i.__0vsprintf)
    __1vsprintf                              0x08004415   Thumb Code     0  printfa.o(i.__0vsprintf)
    __2vsprintf                              0x08004415   Thumb Code     0  printfa.o(i.__0vsprintf)
    __c89vsprintf                            0x08004415   Thumb Code     0  printfa.o(i.__0vsprintf)
    vsprintf                                 0x08004415   Thumb Code     0  printfa.o(i.__0vsprintf)
    __aeabi_errno_addr                       0x08004439   Thumb Code     4  errno.o(i.__aeabi_errno_addr)
    __rt_errno_addr                          0x08004439   Thumb Code     0  errno.o(i.__aeabi_errno_addr)
    __scatterload_copy                       0x08004441   Thumb Code    14  handlers.o(i.__scatterload_copy)
    __scatterload_null                       0x0800444f   Thumb Code     2  handlers.o(i.__scatterload_null)
    __scatterload_zeroinit                   0x08004451   Thumb Code    14  handlers.o(i.__scatterload_zeroinit)
    delay_ms                                 0x08004cf5   Thumb Code    24  bsp_delay.o(i.delay_ms)
    delay_us                                 0x08004d0d   Thumb Code    46  bsp_delay.o(i.delay_us)
    free                                     0x08004d3d   Thumb Code    76  malloc.o(i.free)
    main                                     0x08004d8d   Thumb Code     8  main.o(i.main)
    malloc                                   0x08004d95   Thumb Code    92  malloc.o(i.malloc)
    nRF24L01_WriteREG                        0x08004e85   Thumb Code    40  bsp_nRF24L01.o(i.nRF24L01_WriteREG)
    nRf24L01_Init                            0x08004eb1   Thumb Code    98  bsp_nRF24L01.o(i.nRf24L01_Init)
    nRf24L01_ReadREG                         0x08004f19   Thumb Code    42  bsp_nRF24L01.o(i.nRf24L01_ReadREG)
    nRf24L01_WriteBuffer                     0x08004f49   Thumb Code    60  bsp_nRF24L01.o(i.nRf24L01_WriteBuffer)
    roboJoint_MotorBinding                   0x08004f89   Thumb Code    14  AssembleRobot.o(i.roboJoint_MotorBinding)
    serialDebugInit                          0x08004fa9   Thumb Code   138  debug_serial.o(i.serialDebugInit)
    serial_Printf                            0x08005075   Thumb Code    66  bsp_serial.o(i.serial_Printf)
    serial_SendHexArray                      0x080050bd   Thumb Code    52  bsp_serial.o(i.serial_SendHexArray)
    stepMotorList_Init                       0x080050f1   Thumb Code    20  stepMotorlist.o(i.stepMotorList_Init)
    stepMotorList_POPbyID                    0x08005105   Thumb Code    70  stepMotorlist.o(i.stepMotorList_POPbyID)
    stepMotorList_iterator                   0x0800514b   Thumb Code    62  stepMotorlist.o(i.stepMotorList_iterator)
    stepMotor_DivisionChange                 0x080051e5   Thumb Code    56  bsp_stepmotor.o(i.stepMotor_DivisionChange)
    stepMotor_SpeedExecute                   0x08005221   Thumb Code   164  bsp_stepmotor.o(i.stepMotor_SpeedExecute)
    ascii_12x6                               0x080052d4   Data        1140  bsp_rgblcd.o(.constdata)
    tfont12                                  0x08005748   Data         130  bsp_rgblcd.o(.constdata)
    __ctype_table                            0x080057ee   Data         129  ctype_o.o(.constdata)
    Region$$Table$$Base                      0x08005930   Number         0  anon$$obj.o(Region$$Table)
    Region$$Table$$Limit                     0x08005950   Number         0  anon$$obj.o(Region$$Table)
    robot_InitFlag                           0x20000017   Data           1  AssembleRobot.o(.data)
    UI_routinue                              0x20000018   Data           1  UI.o(.data)
    UI_Pre_routinue                          0x20000019   Data           1  UI.o(.data)
    homePage_item                            0x2000001c   Data          20  UI.o(.data)
    debugPage_item                           0x20000030   Data          36  UI.o(.data)
    debugPage_ClampJaw_item                  0x20000054   Data          12  UI.o(.data)
    debugPage_Bigarm_item                    0x20000060   Data          12  UI.o(.data)
    debugPage_Smallarm_item                  0x2000006c   Data          12  UI.o(.data)
    debugPage_UpDown_item                    0x20000078   Data          12  UI.o(.data)
    debugPage_Rotation_item                  0x20000084   Data          12  UI.o(.data)
    LOG_count                                0x20000094   Data           4  display.o(.data)
    LOG_now                                  0x20000098   Data           4  display.o(.data)
    SYSTEM_INIT_DONE                         0x2000009c   Data           1  system.o(.data)
    RandSeed                                 0x2000009d   Data           1  system.o(.data)
    MotorTaskList                            0x200000a4   Data           4  bsp_stepmotor_it.o(.data)
    stepMotorTaskFinptr                      0x200000a8   Data           2  bsp_stepmotor_it.o(.data)
    __microlib_freelist                      0x200000b0   Data           4  mvars.o(.data)
    __microlib_freelist_initialised          0x200000b4   Data           4  mvars.o(.data)
    KEY1                                     0x200000bc   Data          24  bsp_keys.o(.bss)
    KEY2                                     0x200000d4   Data          24  bsp_keys.o(.bss)
    KEY3                                     0x200000ec   Data          24  bsp_keys.o(.bss)
    KEY4                                     0x20000104   Data          24  bsp_keys.o(.bss)
    LCD_STATUS                               0x2000011c   Data          12  bsp_rgblcd.o(.bss)
    motor1                                   0x200004d4   Data         112  AssembleRobot.o(.bss)
    motor2                                   0x20000544   Data         112  AssembleRobot.o(.bss)
    motor3                                   0x200005b4   Data         112  AssembleRobot.o(.bss)
    motor4                                   0x20000624   Data         112  AssembleRobot.o(.bss)
    bigARM                                   0x20000694   Data          32  AssembleRobot.o(.bss)
    smallARM                                 0x200006b4   Data          32  AssembleRobot.o(.bss)
    rotationJoint                            0x200006d4   Data          32  AssembleRobot.o(.bss)
    upDownJoint                              0x200006f4   Data          32  AssembleRobot.o(.bss)
    cameraSerialDataFrame                    0x20000714   Data        1026  Camera.o(.bss)
    cameraData                               0x20000b18   Data          12  Camera.o(.bss)
    homePage                                 0x20000b24   Data          84  UI.o(.bss)
    debugPage                                0x20000b78   Data          84  UI.o(.bss)
    infoPage                                 0x20000bcc   Data          84  UI.o(.bss)
    memberPage                               0x20000c20   Data          84  UI.o(.bss)
    debugPage_ClampJaw                       0x20000c74   Data          84  UI.o(.bss)
    debugPage_Bigarm                         0x20000cc8   Data          84  UI.o(.bss)
    debugPage_Smallarm                       0x20000d1c   Data          84  UI.o(.bss)
    debugPage_UpDown                         0x20000d70   Data          84  UI.o(.bss)
    debugPage_Rotation                       0x20000dc4   Data          84  UI.o(.bss)
    LCD_LOG_FIFO                             0x20000e18   Data        2048  display.o(.bss)
    LOG_WARNNING_RANK                        0x20001618   Data         128  display.o(.bss)
    stepMotorTaskFin                         0x200016b8   Data          32  bsp_stepmotor_it.o(.bss)
    stepMotorSerialDataFrame                 0x200016d8   Data        1026  bsp_stepmotor_it.o(.bss)
    __heap_base                              0x20001ae0   Data           0  startup_stm32f10x_hd.o(HEAP)
    __heap_limit                             0x20001ce0   Data           0  startup_stm32f10x_hd.o(HEAP)
    __initial_sp                             0x200020e0   Data           0  startup_stm32f10x_hd.o(STACK)



==============================================================================

Memory Map of the image

  Image Entry point : 0x08000131

  Load Region LR_IROM1 (Base: 0x08000000, Size: 0x00005a0c, Max: 0x00010000, ABSOLUTE)

    Execution Region ER_IROM1 (Base: 0x08000000, Size: 0x00005950, Max: 0x00010000, ABSOLUTE)

    Base Addr    Size         Type   Attr      Idx    E Section Name        Object

    0x08000000   0x00000130   Data   RO          646    RESET               startup_stm32f10x_hd.o
    0x08000130   0x00000000   Code   RO         4314  * .ARM.Collect$$$$00000000  mc_w.l(entry.o)
    0x08000130   0x00000004   Code   RO         4458    .ARM.Collect$$$$00000001  mc_w.l(entry2.o)
    0x08000134   0x00000004   Code   RO         4461    .ARM.Collect$$$$00000004  mc_w.l(entry5.o)
    0x08000138   0x00000000   Code   RO         4463    .ARM.Collect$$$$00000008  mc_w.l(entry7b.o)
    0x08000138   0x00000000   Code   RO         4465    .ARM.Collect$$$$0000000A  mc_w.l(entry8b.o)
    0x08000138   0x00000008   Code   RO         4466    .ARM.Collect$$$$0000000B  mc_w.l(entry9a.o)
    0x08000140   0x00000004   Code   RO         4473    .ARM.Collect$$$$0000000E  mc_w.l(entry12b.o)
    0x08000144   0x00000000   Code   RO         4468    .ARM.Collect$$$$0000000F  mc_w.l(entry10a.o)
    0x08000144   0x00000000   Code   RO         4470    .ARM.Collect$$$$00000011  mc_w.l(entry11a.o)
    0x08000144   0x00000004   Code   RO         4459    .ARM.Collect$$$$00002712  mc_w.l(entry2.o)
    0x08000148   0x00000024   Code   RO          647    .text               startup_stm32f10x_hd.o
    0x0800016c   0x00000024   Code   RO         4317    .text               mc_w.l(memcpya.o)
    0x08000190   0x0000000e   Code   RO         4319    .text               mc_w.l(strlen.o)
    0x0800019e   0x0000001c   Code   RO         4321    .text               mc_w.l(strcmp.o)
    0x080001ba   0x00000012   Code   RO         4323    .text               mc_w.l(strcpy.o)
    0x080001cc   0x00000044   Code   RO         4325    .text               mc_w.l(strtok.o)
    0x08000210   0x0000001a   Code   RO         4389    .text               mc_w.l(atoi.o)
    0x0800022a   0x00000064   Code   RO         4393    .text               mf_w.l(fmul.o)
    0x0800028e   0x0000007c   Code   RO         4395    .text               mf_w.l(fdiv.o)
    0x0800030a   0x0000014e   Code   RO         4397    .text               mf_w.l(dadd.o)
    0x08000458   0x000000e4   Code   RO         4399    .text               mf_w.l(dmul.o)
    0x0800053c   0x000000de   Code   RO         4401    .text               mf_w.l(ddiv.o)
    0x0800061a   0x00000028   Code   RO         4405    .text               mf_w.l(ffixui.o)
    0x08000642   0x0000002c   Code   RO         4477    .text               mc_w.l(uidiv.o)
    0x0800066e   0x00000062   Code   RO         4479    .text               mc_w.l(uldiv.o)
    0x080006d0   0x0000001e   Code   RO         4481    .text               mc_w.l(llshl.o)
    0x080006ee   0x00000024   Code   RO         4483    .text               mc_w.l(llsshr.o)
    0x08000712   0x00000070   Code   RO         4494    .text               mc_w.l(strtol.o)
    0x08000782   0x00000000   Code   RO         4496    .text               mc_w.l(iusefp.o)
    0x08000782   0x0000006e   Code   RO         4497    .text               mf_w.l(fepilogue.o)
    0x080007f0   0x000000ba   Code   RO         4499    .text               mf_w.l(depilogue.o)
    0x080008aa   0x00000030   Code   RO         4507    .text               mf_w.l(dfixul.o)
    0x080008da   0x00000002   PAD
    0x080008dc   0x00000030   Code   RO         4509    .text               mf_w.l(cdrcmple.o)
    0x0800090c   0x00000024   Code   RO         4511    .text               mc_w.l(init.o)
    0x08000930   0x00000020   Code   RO         4514    .text               mc_w.l(llushr.o)
    0x08000950   0x00000008   Code   RO         4516    .text               mc_w.l(ctype_o.o)
    0x08000958   0x0000009e   Code   RO         4544    .text               mc_w.l(_strtoul.o)
    0x080009f6   0x0000001c   Code   RO         4553    .text               mc_w.l(_chval.o)
    0x08000a12   0x00000004   Code   RO         4197    i.BusFault_Handler  stm32f10x_it.o
    0x08000a16   0x00000002   PAD
    0x08000a18   0x000000f4   Code   RO         3810    i.Camera_Init       Camera.o
    0x08000b0c   0x000000dc   Code   RO         3811    i.Camera_dataHandle  Camera.o
    0x08000be8   0x00000014   Code   RO         3812    i.Camera_getStatus  Camera.o
    0x08000bfc   0x00000014   Code   RO         3814    i.Camera_stopSample  Camera.o
    0x08000c10   0x000000dc   Code   RO         3815    i.Camera_ttyS_BusIDLE  Camera.o
    0x08000cec   0x00000008   Code   RO         1433    i.DMA_GetCurrDataCounter  stm32f10x_dma.o
    0x08000cf4   0x0000003c   Code   RO         1437    i.DMA_Init          stm32f10x_dma.o
    0x08000d30   0x00000004   Code   RO         1438    i.DMA_SetCurrDataCounter  stm32f10x_dma.o
    0x08000d34   0x00000002   Code   RO         4198    i.DebugMon_Handler  stm32f10x_it.o
    0x08000d36   0x00000002   PAD
    0x08000d38   0x000000ec   Code   RO         3994    i.Display_CheckLog  display.o
    0x08000e24   0x00000018   Code   RO         4020    i.Display_Init      display.o
    0x08000e3c   0x00000020   Code   RO         3995    i.Display_LogReset  display.o
    0x08000e5c   0x0000014c   Code   RO         3996    i.Display_Logged    display.o
    0x08000fa8   0x00000038   Code   RO         3708    i.EXTI9_5_IRQHandler  AssembleRobot.o
    0x08000fe0   0x0000000c   Code   RO         1502    i.EXTI_ClearITPendingBit  stm32f10x_exti.o
    0x08000fec   0x00000028   Code   RO         1506    i.EXTI_GetITStatus  stm32f10x_exti.o
    0x08001014   0x00000094   Code   RO         1507    i.EXTI_Init         stm32f10x_exti.o
    0x080010a8   0x0000025c   Code   RO          207    i.EXTI_gpioRegister  bsp_exti.o
    0x08001304   0x00000040   Code   RO         1852    i.GPIO_EXTILineConfig  stm32f10x_gpio.o
    0x08001344   0x00000116   Code   RO         1855    i.GPIO_Init         stm32f10x_gpio.o
    0x0800145a   0x00000012   Code   RO         1859    i.GPIO_ReadInputDataBit  stm32f10x_gpio.o
    0x0800146c   0x00000004   Code   RO         1862    i.GPIO_ResetBits    stm32f10x_gpio.o
    0x08001470   0x00000004   Code   RO         1863    i.GPIO_SetBits      stm32f10x_gpio.o
    0x08001474   0x00000004   Code   RO         4199    i.HardFault_Handler  stm32f10x_it.o
    0x08001478   0x0000000e   Code   RO          276    i.KEY_GetPinValue   bsp_keys.o
    0x08001486   0x00000002   PAD
    0x08001488   0x00000068   Code   RO         3868    i.Key_Init          Key.o
    0x080014f0   0x00000104   Code   RO          222    i.Keys_Init         bsp_keys.o
    0x080015f4   0x00000024   Code   RO         3869    i.Keys_LLPressedEventHandler  Key.o
    0x08001618   0x00000138   Code   RO         3870    i.Keys_LPressedEventHandler  Key.o
    0x08001750   0x00000024   Code   RO         3871    i.Keys_PressedEventHandler  Key.o
    0x08001774   0x00000430   Code   RO         3872    i.Keys_ReleasedEventHandler  Key.o
    0x08001ba4   0x00000006   Code   RO          227    i.Keys_forbidden    bsp_keys.o
    0x08001baa   0x00000006   Code   RO          228    i.Keys_free         bsp_keys.o
    0x08001bb0   0x00000060   Code   RO          377    i.LCD_DMA_Config    bsp_rgblcd.o
    0x08001c10   0x00000028   Code   RO          379    i.LCD_DrawPoint     bsp_rgblcd.o
    0x08001c38   0x00000110   Code   RO          381    i.LCD_FillColor     bsp_rgblcd.o
    0x08001d48   0x00000260   Code   RO          382    i.LCD_Init          bsp_rgblcd.o
    0x08001fa8   0x00000100   Code   RO          383    i.LCD_OpenWindow    bsp_rgblcd.o
    0x080020a8   0x000000a4   Code   RO          384    i.LCD_PIN_CONFIG    bsp_rgblcd.o
    0x0800214c   0x00000230   Code   RO          385    i.LCD_Printf        bsp_rgblcd.o
    0x0800237c   0x000000b8   Code   RO          386    i.LCD_SPI_SEND_DATA  bsp_rgblcd.o
    0x08002434   0x00000014   Code   RO          485    i.LCD_SetPrintColor  bsp_rgblcd.o
    0x08002448   0x0000004c   Code   RO          479    i.LCD_Set_Printfmt  bsp_rgblcd.o
    0x08002494   0x00000120   Code   RO          387    i.LCD_ShowChar      bsp_rgblcd.o
    0x080025b4   0x00000048   Code   RO          388    i.LCD_ShowChinese   bsp_rgblcd.o
    0x080025fc   0x00000144   Code   RO          389    i.LCD_ShowChinese12x12  bsp_rgblcd.o
    0x08002740   0x00000020   Code   RO          391    i.LCD_WRITE_CMD     bsp_rgblcd.o
    0x08002760   0x0000000c   Code   RO          392    i.LCD_WRITE_DATA_BYTE  bsp_rgblcd.o
    0x0800276c   0x00000012   Code   RO          393    i.LCD_WRITE_DATA_HALFWORD  bsp_rgblcd.o
    0x0800277e   0x00000004   Code   RO         4200    i.MemManage_Handler  stm32f10x_it.o
    0x08002782   0x00000002   Code   RO         4201    i.NMI_Handler       stm32f10x_it.o
    0x08002784   0x00000070   Code   RO          704    i.NVIC_Init         misc.o
    0x080027f4   0x00000014   Code   RO          705    i.NVIC_PriorityGroupConfig  misc.o
    0x08002808   0x00000002   Code   RO         4202    i.PendSV_Handler    stm32f10x_it.o
    0x0800280a   0x00000002   PAD
    0x0800280c   0x00000020   Code   RO         2270    i.RCC_AHBPeriphClockCmd  stm32f10x_rcc.o
    0x0800282c   0x00000020   Code   RO         2271    i.RCC_APB1PeriphClockCmd  stm32f10x_rcc.o
    0x0800284c   0x00000020   Code   RO         2273    i.RCC_APB2PeriphClockCmd  stm32f10x_rcc.o
    0x0800286c   0x000000d4   Code   RO         2281    i.RCC_GetClocksFreq  stm32f10x_rcc.o
    0x08002940   0x00000014   Code   RO          290    i.RF_DelayXus       bsp_nRF24L01.o
    0x08002954   0x00000060   Code   RO         3927    i.RF_Init           RF.o
    0x080029b4   0x00000024   Code   RO         3709    i.Robot_ClampJawCmd  AssembleRobot.o
    0x080029d8   0x00000268   Code   RO         3710    i.Robot_Init        AssembleRobot.o
    0x08002c40   0x00000084   Code   RO         3711    i.Robot_clampJawInit  AssembleRobot.o
    0x08002cc4   0x00000068   Code   RO         3712    i.Robot_clampJaw_Catch  AssembleRobot.o
    0x08002d2c   0x00000068   Code   RO         3713    i.Robot_clampJaw_Release  AssembleRobot.o
    0x08002d94   0x0000000e   Code   RO         3714    i.Robot_stopSwitchInit  AssembleRobot.o
    0x08002da2   0x00000018   Code   RO         2750    i.SPI_Cmd           stm32f10x_spi.o
    0x08002dba   0x00000012   Code   RO         2758    i.SPI_I2S_GetFlagStatus  stm32f10x_spi.o
    0x08002dcc   0x00000004   Code   RO         2762    i.SPI_I2S_SendData  stm32f10x_spi.o
    0x08002dd0   0x0000003c   Code   RO         2763    i.SPI_Init          stm32f10x_spi.o
    0x08002e0c   0x00000068   Code   RO          291    i.SPI_WriteReadByte  bsp_nRF24L01.o
    0x08002e74   0x00000002   Code   RO         4203    i.SVC_Handler       stm32f10x_it.o
    0x08002e76   0x00000008   Code   RO          651    i.SetSysClock       system_stm32f10x.o
    0x08002e7e   0x00000002   PAD
    0x08002e80   0x000000e0   Code   RO          652    i.SetSysClockTo72   system_stm32f10x.o
    0x08002f60   0x00000068   Code   RO          537    i.StepMotorTimerInit  bsp_stepmotor.o
    0x08002fc8   0x000000a8   Code   RO          539    i.StepMotor_Cmd     bsp_stepmotor.o
    0x08003070   0x000004fc   Code   RO          540    i.StepMotor_Init    bsp_stepmotor.o
    0x0800356c   0x00000002   Code   RO         4204    i.SysTick_Handler   stm32f10x_it.o
    0x0800356e   0x00000002   PAD
    0x08003570   0x00000060   Code   RO          654    i.SystemInit        system_stm32f10x.o
    0x080035d0   0x000001d4   Code   RO         4068    i.System_Init       system.o
    0x080037a4   0x000000a4   Code   RO         4069    i.System_Timer_Init  system.o
    0x08003848   0x00000074   Code   RO         4153    i.TIM2_IRQHandler   bsp_stepmotor_it.o
    0x080038bc   0x00000094   Code   RO         4070    i.TIM6_IRQHandler   system.o
    0x08003950   0x00000006   Code   RO         2900    i.TIM_ClearITPendingBit  stm32f10x_tim.o
    0x08003956   0x00000018   Code   RO         2905    i.TIM_Cmd           stm32f10x_tim.o
    0x0800396e   0x00000022   Code   RO         2926    i.TIM_GetITStatus   stm32f10x_tim.o
    0x08003990   0x00000012   Code   RO         2930    i.TIM_ITConfig      stm32f10x_tim.o
    0x080039a2   0x00000002   PAD
    0x080039a4   0x00000098   Code   RO         2934    i.TIM_OC1Init       stm32f10x_tim.o
    0x08003a3c   0x000000a4   Code   RO         2976    i.TIM_TimeBaseInit  stm32f10x_tim.o
    0x08003ae0   0x000000b4   Code   RO         3946    i.UI_DrawListItem   UI.o
    0x08003b94   0x0000003e   Code   RO         3947    i.UI_Page_Init      UI.o
    0x08003bd2   0x00000002   PAD
    0x08003bd4   0x00000118   Code   RO         3948    i.UI_Setup          UI.o
    0x08003cec   0x000000e8   Code   RO         3949    i.UI_ShowMessageBox  UI.o
    0x08003dd4   0x0000017c   Code   RO         3950    i.UI_ShowPage       UI.o
    0x08003f50   0x000000e8   Code   RO         3816    i.USART1_IRQHandler  Camera.o
    0x08004038   0x000000d8   Code   RO         4154    i.USART2_IRQHandler  bsp_stepmotor_it.o
    0x08004110   0x00000018   Code   RO         3441    i.USART_Cmd         stm32f10x_usart.o
    0x08004128   0x0000001a   Code   RO         3444    i.USART_GetFlagStatus  stm32f10x_usart.o
    0x08004142   0x00000054   Code   RO         3445    i.USART_GetITStatus  stm32f10x_usart.o
    0x08004196   0x0000004a   Code   RO         3447    i.USART_ITConfig    stm32f10x_usart.o
    0x080041e0   0x000000d8   Code   RO         3448    i.USART_Init        stm32f10x_usart.o
    0x080042b8   0x0000000a   Code   RO         3455    i.USART_ReceiveData  stm32f10x_usart.o
    0x080042c2   0x00000008   Code   RO         3458    i.USART_SendData    stm32f10x_usart.o
    0x080042ca   0x00000146   Code   RO          229    i.Update_Keys_State  bsp_keys.o
    0x08004410   0x00000004   Code   RO         4205    i.UsageFault_Handler  stm32f10x_it.o
    0x08004414   0x00000024   Code   RO         4340    i.__0vsprintf       mc_w.l(printfa.o)
    0x08004438   0x00000008   Code   RO         4487    i.__aeabi_errno_addr  mc_w.l(errno.o)
    0x08004440   0x0000000e   Code   RO         4557    i.__scatterload_copy  mc_w.l(handlers.o)
    0x0800444e   0x00000002   Code   RO         4558    i.__scatterload_null  mc_w.l(handlers.o)
    0x08004450   0x0000000e   Code   RO         4559    i.__scatterload_zeroinit  mc_w.l(handlers.o)
    0x0800445e   0x00000002   PAD
    0x08004460   0x00000184   Code   RO         4341    i._fp_digits        mc_w.l(printfa.o)
    0x080045e4   0x000006b4   Code   RO         4342    i._printf_core      mc_w.l(printfa.o)
    0x08004c98   0x00000024   Code   RO         4343    i._printf_post_padding  mc_w.l(printfa.o)
    0x08004cbc   0x0000002e   Code   RO         4344    i._printf_pre_padding  mc_w.l(printfa.o)
    0x08004cea   0x0000000a   Code   RO         4346    i._sputc            mc_w.l(printfa.o)
    0x08004cf4   0x00000018   Code   RO          180    i.delay_ms          bsp_delay.o
    0x08004d0c   0x0000002e   Code   RO          182    i.delay_us          bsp_delay.o
    0x08004d3a   0x00000002   PAD
    0x08004d3c   0x00000050   Code   RO         4361    i.free              mc_w.l(malloc.o)
    0x08004d8c   0x00000008   Code   RO         4181    i.main              main.o
    0x08004d94   0x0000006c   Code   RO         4362    i.malloc            mc_w.l(malloc.o)
    0x08004e00   0x00000084   Code   RO          293    i.nRF24L01_Pin_Config  bsp_nRF24L01.o
    0x08004e84   0x0000002c   Code   RO          296    i.nRF24L01_WriteREG  bsp_nRF24L01.o
    0x08004eb0   0x00000068   Code   RO          297    i.nRf24L01_Init     bsp_nRF24L01.o
    0x08004f18   0x00000030   Code   RO          301    i.nRf24L01_ReadREG  bsp_nRF24L01.o
    0x08004f48   0x00000040   Code   RO          302    i.nRf24L01_WriteBuffer  bsp_nRF24L01.o
    0x08004f88   0x0000000e   Code   RO         3717    i.roboJoint_MotorBinding  AssembleRobot.o
    0x08004f96   0x00000012   Code   RO         3720    i.roboJoint_UrgentSTOP  AssembleRobot.o
    0x08004fa8   0x000000cc   Code   RO         3696    i.serialDebugInit   debug_serial.o
    0x08005074   0x00000048   Code   RO          511    i.serial_Printf     bsp_serial.o
    0x080050bc   0x00000034   Code   RO          512    i.serial_SendHexArray  bsp_serial.o
    0x080050f0   0x00000014   Code   RO            2    i.stepMotorList_Init  stepMotorlist.o
    0x08005104   0x00000046   Code   RO            3    i.stepMotorList_POPbyID  stepMotorlist.o
    0x0800514a   0x0000003e   Code   RO            7    i.stepMotorList_iterator  stepMotorlist.o
    0x08005188   0x0000005c   Code   RO         4155    i.stepMotorTaskCallback  bsp_stepmotor_it.o
    0x080051e4   0x0000003c   Code   RO          544    i.stepMotor_DivisionChange  bsp_stepmotor.o
    0x08005220   0x000000b4   Code   RO          547    i.stepMotor_SpeedExecute  bsp_stepmotor.o
    0x080052d4   0x000004f6   Data   RO          395    .constdata          bsp_rgblcd.o
    0x080057ca   0x00000012   Data   RO         3818    .constdata          Camera.o
    0x080057dc   0x00000012   Data   RO         4157    .constdata          bsp_stepmotor_it.o
    0x080057ee   0x00000081   Data   RO         4517    .constdata          mc_w.l(ctype_o.o)
    0x0800586f   0x00000001   PAD
    0x08005870   0x00000004   Data   RO         4518    .constdata          mc_w.l(ctype_o.o)
    0x08005874   0x000000a6   Data   RO         3952    .conststring        UI.o
    0x0800591a   0x00000002   PAD
    0x0800591c   0x00000010   Data   RO         3998    .conststring        display.o
    0x0800592c   0x00000002   Data   RO         3953    .conststrlit        UI.o
    0x0800592e   0x00000002   PAD
    0x08005930   0x00000020   Data   RO         4555    Region$$Table       anon$$obj.o


    Execution Region RW_IRAM1 (Base: 0x20000000, Size: 0x000020e0, Max: 0x00005000, ABSOLUTE)

    Base Addr    Size         Type   Attr      Idx    E Section Name        Object

    0x20000000   0x00000001   Data   RW          396    .data               bsp_rgblcd.o
    0x20000001   0x00000002   Data   RW          549    .data               bsp_stepmotor.o
    0x20000003   0x00000014   Data   RW         2301    .data               stm32f10x_rcc.o
    0x20000017   0x00000001   Data   RW         3723    .data               AssembleRobot.o
    0x20000018   0x00000078   Data   RW         3954    .data               UI.o
    0x20000090   0x0000000c   Data   RW         3999    .data               display.o
    0x2000009c   0x00000008   Data   RW         4071    .data               system.o
    0x200000a4   0x00000006   Data   RW         4158    .data               bsp_stepmotor_it.o
    0x200000aa   0x00000002   PAD
    0x200000ac   0x00000004   Data   RW         4326    .data               mc_w.l(strtok.o)
    0x200000b0   0x00000004   Data   RW         4485    .data               mc_w.l(mvars.o)
    0x200000b4   0x00000004   Data   RW         4486    .data               mc_w.l(mvars.o)
    0x200000b8   0x00000004   Data   RW         4490    .data               mc_w.l(errno.o)
    0x200000bc   0x00000060   Zero   RW          230    .bss                bsp_keys.o
    0x2000011c   0x00000338   Zero   RW          394    .bss                bsp_rgblcd.o
    0x20000454   0x00000080   Zero   RW          513    .bss                bsp_serial.o
    0x200004d4   0x00000240   Zero   RW         3722    .bss                AssembleRobot.o
    0x20000714   0x00000410   Zero   RW         3817    .bss                Camera.o
    0x20000b24   0x000002f4   Zero   RW         3951    .bss                UI.o
    0x20000e18   0x000008a0   Zero   RW         3997    .bss                display.o
    0x200016b8   0x00000422   Zero   RW         4156    .bss                bsp_stepmotor_it.o
    0x20001ada   0x00000006   PAD
    0x20001ae0   0x00000200   Zero   RW          645    HEAP                startup_stm32f10x_hd.o
    0x20001ce0   0x00000400   Zero   RW          644    STACK               startup_stm32f10x_hd.o


==============================================================================

Image component sizes


      Code (inc. data)   RO Data    RW Data    ZI Data      Debug   Object Name

      1094        428          0          1        576       7354   AssembleRobot.o
       956        292         18          0       1040       4298   Camera.o
      1560        222          0          0          0      20452   Key.o
        96         46          0          0          0        454   RF.o
      1134        356        168        120        756       5172   UI.o
        70          0          0          0          0       1010   bsp_delay.o
       604         38          0          0          0       1896   bsp_exti.o
       612         58          0          0         96       5369   bsp_keys.o
       516         30          0          0          0       4434   bsp_nRF24L01.o
      3022        100       1270          1        824      16896   bsp_rgblcd.o
       124          6          0          0        128       2558   bsp_serial.o
      1788        130          0          2          0       6226   bsp_stepmotor.o
       424        104         18          6       1058       2496   bsp_stepmotor_it.o
         0          0          0          0          0         32   core_cm3.o
       204         66          0          0          0        630   debug_serial.o
       624        126         16         12       2208       3073   display.o
         8          0          0          0          0        423   main.o
       132         22          0          0          0       1671   misc.o
        36          8        304          0       1536        904   startup_stm32f10x_hd.o
       152          0          0          0          0     277430   stepMotorlist.o
        72          0          0          0          0       3533   stm32f10x_dma.o
       200         18          0          0          0       2280   stm32f10x_exti.o
       368          4          0          0          0       4526   stm32f10x_gpio.o
        26          0          0          0          0       3862   stm32f10x_it.o
       308         38          0         20          0       5250   stm32f10x_rcc.o
       106          0          0          0          0       3504   stm32f10x_spi.o
       398         62          0          0          0       4572   stm32f10x_tim.o
       442          6          0          0          0       6497   stm32f10x_usart.o
       780        178          0          8          0       2016   system.o
       328         28          0          0          0       2245   system_stm32f10x.o

    ----------------------------------------------------------------------
     16202       2366       1830        172       8228     401063   Object Totals
         0          0         32          0          0          0   (incl. Generated)
        18          0          4          2          6          0   (incl. Padding)

    ----------------------------------------------------------------------

      Code (inc. data)   RO Data    RW Data    ZI Data      Debug   Library Member Name

        28          0          0          0          0         68   _chval.o
       158          0          0          0          0         92   _strtoul.o
        26          0          0          0          0         80   atoi.o
         8          4        133          0          0         68   ctype_o.o
         0          0          0          0          0          0   entry.o
         0          0          0          0          0          0   entry10a.o
         0          0          0          0          0          0   entry11a.o
         4          0          0          0          0          0   entry12b.o
         8          4          0          0          0          0   entry2.o
         4          0          0          0          0          0   entry5.o
         0          0          0          0          0          0   entry7b.o
         0          0          0          0          0          0   entry8b.o
         8          4          0          0          0          0   entry9a.o
         8          4          0          4          0         68   errno.o
        30          0          0          0          0          0   handlers.o
        36          8          0          0          0         68   init.o
         0          0          0          0          0          0   iusefp.o
        30          0          0          0          0         68   llshl.o
        36          0          0          0          0         68   llsshr.o
        32          0          0          0          0         68   llushr.o
       188         20          0          0          0        160   malloc.o
        36          0          0          0          0         68   memcpya.o
         0          0          0          8          0          0   mvars.o
      2232         86          0          0          0        528   printfa.o
        28          0          0          0          0         76   strcmp.o
        18          0          0          0          0         68   strcpy.o
        14          0          0          0          0         68   strlen.o
        68          6          0          4          0         80   strtok.o
       112          0          0          0          0         88   strtol.o
        44          0          0          0          0         80   uidiv.o
        98          0          0          0          0         92   uldiv.o
        48          0          0          0          0         68   cdrcmple.o
       334          0          0          0          0        148   dadd.o
       222          0          0          0          0        100   ddiv.o
       186          0          0          0          0        176   depilogue.o
        48          0          0          0          0         68   dfixul.o
       228          0          0          0          0         96   dmul.o
       124          0          0          0          0         88   fdiv.o
       110          0          0          0          0        168   fepilogue.o
        40          0          0          0          0         68   ffixui.o
       100          0          0          0          0         76   fmul.o

    ----------------------------------------------------------------------
      4698        136        134         16          0       3012   Library Totals
         4          0          1          0          0          0   (incl. Padding)

    ----------------------------------------------------------------------

      Code (inc. data)   RO Data    RW Data    ZI Data      Debug   Library Name

      3254        136        133         16          0       1956   mc_w.l
      1440          0          0          0          0       1056   mf_w.l

    ----------------------------------------------------------------------
      4698        136        134         16          0       3012   Library Totals

    ----------------------------------------------------------------------

==============================================================================


      Code (inc. data)   RO Data    RW Data    ZI Data      Debug   

     20900       2502       1964        188       8228     396323   Grand Totals
     20900       2502       1964        188       8228     396323   ELF Image Totals
     20900       2502       1964        188          0          0   ROM Totals

==============================================================================

    Total RO  Size (Code + RO Data)                22864 (  22.33kB)
    Total RW  Size (RW Data + ZI Data)              8416 (   8.22kB)
    Total ROM Size (Code + RO Data + RW Data)      23052 (  22.51kB)

==============================================================================

